{
  "generated_at": "2026-09-07T05:58:44.3510252Z",
  "dataset": "E:\\tmp\\kimetsu-brain-hardening\\docs\\audits\\2026-09-07-retrieval\\validation-frozen.json",
  "session_configuration": {
    "include_ambient": false,
    "warm_start": false
  },
  "scenarios": [
    {
      "observations": [
        {
          "query": "Which TCP port should I connect to for Copper staging?",
          "ranked": [
            "port"
          ],
          "delivered_capsules": [
            {
              "expansion_handle": "memory:01M1X7415BCHYJ174CNYY5ESP2",
              "id": "01M1X742ZVMMQE6VQ0EZJS356N",
              "kind": "memory",
              "score": 0.9998394250869752,
              "summary": "project:fact - Copper staging HTTP listener binds TCP port 6319. This is the current configured port for its staging service."
            }
          ],
          "positive_recall_at_4": 1.0,
          "positive_hit_at_4": true,
          "positive_mrr": 1.0,
          "negative_injection": null,
          "stale_injection": false,
          "latency_ms": 1786.1039,
          "first_query": true,
          "server_startup_ms": 87.55749999999999,
          "model_text_bytes": 498,
          "mcp_result_bytes": 579,
          "wire_bytes": 614,
          "reported_used_tokens": 579,
          "working_set_bytes": 632578048,
          "peak_working_set_bytes": 685015040
        },
        {
          "query": "Where should Copper diagnostic logs be written?",
          "ranked": [
            "logs",
            "storage"
          ],
          "delivered_capsules": [
            {
              "expansion_handle": "memory:01M1X7415T05YGJHNYW88V2R17",
              "id": "01M1X743AZ256F8S7YFMZXT44H",
              "kind": "memory",
              "score": 0.9978247880935668,
              "summary": "project:fact - Copper diagnostic messages are written to stderr. Stdout is reserved for JSON-RPC protocol messages."
            },
            {
              "expansion_handle": "memory:01M1X74179ZM8H9FMP4MPJ5YKW",
              "id": "01M1X743AZ5TKWVV6YSX2C2E9R",
              "kind": "memory",
              "score": 0.6390834450721741,
              "summary": "project:fact - Copper stores its local state in SQLite with write-ahead logging enabled. Use WAL mode for its database."
            }
          ],
          "positive_recall_at_4": 1.0,
          "positive_hit_at_4": true,
          "positive_mrr": 1.0,
          "negative_injection": null,
          "stale_injection": null,
          "latency_ms": 345.5503,
          "first_query": false,
          "server_startup_ms": 0.0,
          "model_text_bytes": 754,
          "mcp_result_bytes": 853,
          "wire_bytes": 888,
          "reported_used_tokens": 853,
          "working_set_bytes": 633077760,
          "peak_working_set_bytes": 685015040
        },
        {
          "query": "Which command rolls back Copper to its previous release?",
          "ranked": [
            "rollback"
          ],
          "delivered_capsules": [
            {
              "expansion_handle": "memory:01M1X741659TTYD471RQW9GR23",
              "id": "01M1X743NVY7RGD2X0JBA7A1WP",
              "kind": "memory",
              "score": 0.9998852014541626,
              "summary": "project:fact - To roll back Copper to the previous release, run `copperctl rollback --previous` from the deployment workspace."
            }
          ],
          "positive_recall_at_4": 1.0,
          "positive_hit_at_4": true,
          "positive_mrr": 1.0,
          "negative_injection": null,
          "stale_injection": null,
          "latency_ms": 355.9703,
          "first_query": false,
          "server_startup_ms": 0.0,
          "model_text_bytes": 499,
          "mcp_result_bytes": 580,
          "wire_bytes": 615,
          "reported_used_tokens": 580,
          "working_set_bytes": 635113472,
          "peak_working_set_bytes": 685015040
        },
        {
          "query": "Which region hosts Copper production?",
          "ranked": [
            "region"
          ],
          "delivered_capsules": [
            {
              "expansion_handle": "memory:01M1X7416HKRPXN4Y5RCXM49VK",
              "id": "01M1X7440X3Q45PRNE411B5GVH",
              "kind": "memory",
              "score": 0.9999468326568604,
              "summary": "project:fact - Copper production runs in region eu-north-1. Its deployment configuration selects this region explicitly."
            }
          ],
          "positive_recall_at_4": 1.0,
          "positive_hit_at_4": true,
          "positive_mrr": 1.0,
          "negative_injection": null,
          "stale_injection": null,
          "latency_ms": 346.21439999999996,
          "first_query": false,
          "server_startup_ms": 0.0,
          "model_text_bytes": 493,
          "mcp_result_bytes": 574,
          "wire_bytes": 609,
          "reported_used_tokens": 574,
          "working_set_bytes": 635363328,
          "peak_working_set_bytes": 685015040
        },
        {
          "query": "At what UTC time do daily Copper database backups start?",
          "ranked": [
            "backup"
          ],
          "delivered_capsules": [
            {
              "expansion_handle": "memory:01M1X7416XVY2RTN8BSYY9MG0R",
              "id": "01M1X744C0CGNQCMWEAKBMAFKV",
              "kind": "memory",
              "score": 0.9999791383743286,
              "summary": "project:fact - Copper daily database backups start at 02:40 UTC. The backup job runs once per day."
            }
          ],
          "positive_recall_at_4": 1.0,
          "positive_hit_at_4": true,
          "positive_mrr": 1.0,
          "negative_injection": null,
          "stale_injection": null,
          "latency_ms": 359.9774,
          "first_query": false,
          "server_startup_ms": 0.0,
          "model_text_bytes": 471,
          "mcp_result_bytes": 552,
          "wire_bytes": 587,
          "reported_used_tokens": 552,
          "working_set_bytes": 635772928,
          "peak_working_set_bytes": 685015040
        },
        {
          "query": "Which database and journal mode does Copper use for local state?",
          "ranked": [
            "storage"
          ],
          "delivered_capsules": [
            {
              "expansion_handle": "memory:01M1X74179ZM8H9FMP4MPJ5YKW",
              "id": "01M1X744Q3S2THTJK18Q06WSAE",
              "kind": "memory",
              "score": 0.9999594688415528,
              "summary": "project:fact - Copper stores its local state in SQLite with write-ahead logging enabled. Use WAL mode for its database."
            }
          ],
          "positive_recall_at_4": 1.0,
          "positive_hit_at_4": true,
          "positive_mrr": 1.0,
          "negative_injection": null,
          "stale_injection": null,
          "latency_ms": 356.07280000000003,
          "first_query": false,
          "server_startup_ms": 0.0,
          "model_text_bytes": 492,
          "mcp_result_bytes": 573,
          "wire_bytes": 608,
          "reported_used_tokens": 573,
          "working_set_bytes": 635850752,
          "peak_working_set_bytes": 685015040
        },
        {
          "query": "¿A qué puerto TCP debo conectarme para staging de Copper?",
          "ranked": [
            "port"
          ],
          "delivered_capsules": [
            {
              "expansion_handle": "memory:01M1X7415BCHYJ174CNYY5ESP2",
              "id": "01M1X74525002Z7TVWB6FADKJ5",
              "kind": "memory",
              "score": 0.9998682737350464,
              "summary": "project:fact - Copper staging HTTP listener binds TCP port 6319. This is the current configured port for its staging service."
            }
          ],
          "positive_recall_at_4": 1.0,
          "positive_hit_at_4": true,
          "positive_mrr": 1.0,
          "negative_injection": null,
          "stale_injection": false,
          "latency_ms": 366.4515,
          "first_query": false,
          "server_startup_ms": 0.0,
          "model_text_bytes": 498,
          "mcp_result_bytes": 579,
          "wire_bytes": 614,
          "reported_used_tokens": 579,
          "working_set_bytes": 638296064,
          "peak_working_set_bytes": 685015040
        },
        {
          "query": "¿Dónde deben escribirse los mensajes de diagnóstico de Copper?",
          "ranked": [
            "logs"
          ],
          "delivered_capsules": [
            {
              "expansion_handle": "memory:01M1X7415T05YGJHNYW88V2R17",
              "id": "01M1X745DKJK042H8ZD0D3C4NF",
              "kind": "memory",
              "score": 0.9995033740997314,
              "summary": "project:fact - Copper diagnostic messages are written to stderr. Stdout is reserved for JSON-RPC protocol messages."
            }
          ],
          "positive_recall_at_4": 1.0,
          "positive_hit_at_4": true,
          "positive_mrr": 1.0,
          "negative_injection": null,
          "stale_injection": null,
          "latency_ms": 361.3282,
          "first_query": false,
          "server_startup_ms": 0.0,
          "model_text_bytes": 488,
          "mcp_result_bytes": 569,
          "wire_bytes": 604,
          "reported_used_tokens": 569,
          "working_set_bytes": 638763008,
          "peak_working_set_bytes": 685015040
        },
        {
          "query": "¿Qué comando revierte Copper a la versión anterior?",
          "ranked": [
            "rollback"
          ],
          "delivered_capsules": [
            {
              "expansion_handle": "memory:01M1X741659TTYD471RQW9GR23",
              "id": "01M1X745S3G744MX5E600GGCTJ",
              "kind": "memory",
              "score": 0.9887914657592772,
              "summary": "project:fact - To roll back Copper to the previous release, run `copperctl rollback --previous` from the deployment workspace."
            }
          ],
          "positive_recall_at_4": 1.0,
          "positive_hit_at_4": true,
          "positive_mrr": 1.0,
          "negative_injection": null,
          "stale_injection": null,
          "latency_ms": 371.9409,
          "first_query": false,
          "server_startup_ms": 0.0,
          "model_text_bytes": 499,
          "mcp_result_bytes": 580,
          "wire_bytes": 616,
          "reported_used_tokens": 580,
          "working_set_bytes": 638824448,
          "peak_working_set_bytes": 685015040
        },
        {
          "query": "¿En qué región está desplegado Copper en producción?",
          "ranked": [
            "region"
          ],
          "delivered_capsules": [
            {
              "expansion_handle": "memory:01M1X7416HKRPXN4Y5RCXM49VK",
              "id": "01M1X7464Y88QSKW4SH5GESBQG",
              "kind": "memory",
              "score": 0.9999468326568604,
              "summary": "project:fact - Copper production runs in region eu-north-1. Its deployment configuration selects this region explicitly."
            }
          ],
          "positive_recall_at_4": 1.0,
          "positive_hit_at_4": true,
          "positive_mrr": 1.0,
          "negative_injection": null,
          "stale_injection": null,
          "latency_ms": 366.9749,
          "first_query": false,
          "server_startup_ms": 0.0,
          "model_text_bytes": 493,
          "mcp_result_bytes": 574,
          "wire_bytes": 610,
          "reported_used_tokens": 574,
          "working_set_bytes": 638898176,
          "peak_working_set_bytes": 685015040
        },
        {
          "query": "¿A qué hora UTC empiezan las copias diarias de la base de datos de Copper?",
          "ranked": [
            "backup"
          ],
          "delivered_capsules": [
            {
              "expansion_handle": "memory:01M1X7416XVY2RTN8BSYY9MG0R",
              "id": "01M1X746G0X7W36GWE6RWP67G5",
              "kind": "memory",
              "score": 0.9999747276306152,
              "summary": "project:fact - Copper daily database backups start at 02:40 UTC. The backup job runs once per day."
            }
          ],
          "positive_recall_at_4": 1.0,
          "positive_hit_at_4": true,
          "positive_mrr": 1.0,
          "negative_injection": null,
          "stale_injection": null,
          "latency_ms": 358.07640000000004,
          "first_query": false,
          "server_startup_ms": 0.0,
          "model_text_bytes": 471,
          "mcp_result_bytes": 552,
          "wire_bytes": 588,
          "reported_used_tokens": 552,
          "working_set_bytes": 639193088,
          "peak_working_set_bytes": 685015040
        },
        {
          "query": "¿Qué base de datos y modo de registro usa Copper para guardar el estado local?",
          "ranked": [
            "storage"
          ],
          "delivered_capsules": [
            {
              "expansion_handle": "memory:01M1X74179ZM8H9FMP4MPJ5YKW",
              "id": "01M1X746V60P9773RMGEBS7V2S",
              "kind": "memory",
              "score": 0.9983224272727966,
              "summary": "project:fact - Copper stores its local state in SQLite with write-ahead logging enabled. Use WAL mode for its database."
            }
          ],
          "positive_recall_at_4": 1.0,
          "positive_hit_at_4": true,
          "positive_mrr": 1.0,
          "negative_injection": null,
          "stale_injection": null,
          "latency_ms": 357.4445,
          "first_query": false,
          "server_startup_ms": 0.0,
          "model_text_bytes": 492,
          "mcp_result_bytes": 573,
          "wire_bytes": 609,
          "reported_used_tokens": 573,
          "working_set_bytes": 639213568,
          "peak_working_set_bytes": 685015040
        },
        {
          "query": "What authentication password is configured for the Copper staging listener?",
          "ranked": [],
          "positive_recall_at_4": null,
          "positive_hit_at_4": null,
          "positive_mrr": null,
          "negative_injection": false,
          "stale_injection": null,
          "latency_ms": 354.8418,
          "first_query": false,
          "server_startup_ms": 0.0,
          "model_text_bytes": 226,
          "mcp_result_bytes": 289,
          "wire_bytes": 325,
          "reported_used_tokens": 289,
          "working_set_bytes": 639352832,
          "peak_working_set_bytes": 685015040
        },
        {
          "query": "What encryption key protects the Copper database backups?",
          "ranked": [],
          "positive_recall_at_4": null,
          "positive_hit_at_4": null,
          "positive_mrr": null,
          "negative_injection": false,
          "stale_injection": null,
          "latency_ms": 362.0191,
          "first_query": false,
          "server_startup_ms": 0.0,
          "model_text_bytes": 226,
          "mcp_result_bytes": 289,
          "wire_bytes": 325,
          "reported_used_tokens": 289,
          "working_set_bytes": 645271552,
          "peak_working_set_bytes": 685015040
        },
        {
          "query": "How many production replicas run in the Copper deployment region?",
          "ranked": [],
          "positive_recall_at_4": null,
          "positive_hit_at_4": null,
          "positive_mrr": null,
          "negative_injection": false,
          "stale_injection": null,
          "latency_ms": 354.29519999999997,
          "first_query": false,
          "server_startup_ms": 0.0,
          "model_text_bytes": 226,
          "mcp_result_bytes": 289,
          "wire_bytes": 325,
          "reported_used_tokens": 289,
          "working_set_bytes": 645337088,
          "peak_working_set_bytes": 685015040
        },
        {
          "query": "¿Qué contraseña exige el servidor de staging de Copper?",
          "ranked": [],
          "positive_recall_at_4": null,
          "positive_hit_at_4": null,
          "positive_mrr": null,
          "negative_injection": false,
          "stale_injection": null,
          "latency_ms": 363.89840000000004,
          "first_query": false,
          "server_startup_ms": 0.0,
          "model_text_bytes": 226,
          "mcp_result_bytes": 289,
          "wire_bytes": 325,
          "reported_used_tokens": 289,
          "working_set_bytes": 645382144,
          "peak_working_set_bytes": 685015040
        },
        {
          "query": "¿Cuántos días se conservan las copias de seguridad de Copper?",
          "ranked": [],
          "positive_recall_at_4": null,
          "positive_hit_at_4": null,
          "positive_mrr": null,
          "negative_injection": false,
          "stale_injection": null,
          "latency_ms": 358.7629,
          "first_query": false,
          "server_startup_ms": 0.0,
          "model_text_bytes": 226,
          "mcp_result_bytes": 289,
          "wire_bytes": 325,
          "reported_used_tokens": 289,
          "working_set_bytes": 645451776,
          "peak_working_set_bytes": 685015040
        },
        {
          "query": "¿Qué versión de SQLite requiere Copper?",
          "ranked": [],
          "positive_recall_at_4": null,
          "positive_hit_at_4": null,
          "positive_mrr": null,
          "negative_injection": false,
          "stale_injection": null,
          "latency_ms": 370.8095,
          "first_query": false,
          "server_startup_ms": 0.0,
          "model_text_bytes": 226,
          "mcp_result_bytes": 289,
          "wire_bytes": 325,
          "reported_used_tokens": 289,
          "working_set_bytes": 645459968,
          "peak_working_set_bytes": 685015040
        }
      ],
      "id": "copper-unseen-project",
      "dimension": "retrieval",
      "tier": "hard",
      "score": 1.0,
      "skipped": false,
      "detail": "positive-recall@4=1.00 mrr=1.00 stale-hit=0.000 (n=2) resolution=1.000 (n=2) false-injection=0.000 (n=6) positive-n=12 negative-n=6 (18 queries)"
    },
    {
      "observations": [
        {
          "query": "Which TCP port should I connect to for Willow staging?",
          "ranked": [
            "port"
          ],
          "delivered_capsules": [
            {
              "expansion_handle": "memory:01M1X74AAFXP73Y67EH78NA71F",
              "id": "01M1X74C45J8836A8VAPWFYSNA",
              "kind": "memory",
              "score": 0.9999420642852784,
              "summary": "project:fact - Willow staging HTTP listener binds TCP port 7421. This is the current configured port for its staging service."
            }
          ],
          "positive_recall_at_4": 1.0,
          "positive_hit_at_4": true,
          "positive_mrr": 1.0,
          "negative_injection": null,
          "stale_injection": false,
          "latency_ms": 1774.9456,
          "first_query": true,
          "server_startup_ms": 72.9686,
          "model_text_bytes": 498,
          "mcp_result_bytes": 579,
          "wire_bytes": 614,
          "reported_used_tokens": 579,
          "working_set_bytes": 634089472,
          "peak_working_set_bytes": 684953600
        },
        {
          "query": "Where should Willow diagnostic logs be written?",
          "ranked": [
            "logs",
            "storage"
          ],
          "delivered_capsules": [
            {
              "expansion_handle": "memory:01M1X74AAYHQ3QAY2636X45HKB",
              "id": "01M1X74CF9PE3DCF9AQC6RQM16",
              "kind": "memory",
              "score": 0.9971635937690736,
              "summary": "project:fact - Willow diagnostic messages are written to stderr. Stdout is reserved for JSON-RPC protocol messages."
            },
            {
              "expansion_handle": "memory:01M1X74ACDYT6BP5K98X3TTYF4",
              "id": "01M1X74CF9970SJVEE5B0J5Y9H",
              "kind": "memory",
              "score": 0.8971153497695923,
              "summary": "project:fact - Willow stores its local state in SQLite with write-ahead logging enabled. Use WAL mode for its database."
            }
          ],
          "positive_recall_at_4": 1.0,
          "positive_hit_at_4": true,
          "positive_mrr": 1.0,
          "negative_injection": null,
          "stale_injection": null,
          "latency_ms": 346.551,
          "first_query": false,
          "server_startup_ms": 0.0,
          "model_text_bytes": 754,
          "mcp_result_bytes": 853,
          "wire_bytes": 888,
          "reported_used_tokens": 853,
          "working_set_bytes": 634552320,
          "peak_working_set_bytes": 684953600
        },
        {
          "query": "Which command rolls back Willow to its previous release?",
          "ranked": [
            "rollback"
          ],
          "delivered_capsules": [
            {
              "expansion_handle": "memory:01M1X74ABABAVG84KTNSXNRMFG",
              "id": "01M1X74CTBN182PNB05AT69CZP",
              "kind": "memory",
              "score": 0.9998542070388794,
              "summary": "project:fact - To roll back Willow to the previous release, run `willowctl rollback --previous` from the deployment workspace."
            }
          ],
          "positive_recall_at_4": 1.0,
          "positive_hit_at_4": true,
          "positive_mrr": 1.0,
          "negative_injection": null,
          "stale_injection": null,
          "latency_ms": 360.9593,
          "first_query": false,
          "server_startup_ms": 0.0,
          "model_text_bytes": 499,
          "mcp_result_bytes": 580,
          "wire_bytes": 615,
          "reported_used_tokens": 580,
          "working_set_bytes": 636661760,
          "peak_working_set_bytes": 684953600
        },
        {
          "query": "Which region hosts Willow production?",
          "ranked": [
            "region"
          ],
          "delivered_capsules": [
            {
              "expansion_handle": "memory:01M1X74ABPP0X4QYY4CYR1CNZT",
              "id": "01M1X74D5AHC83Q24D3RPJQ94X",
              "kind": "memory",
              "score": 0.9999713897705078,
              "summary": "project:fact - Willow production runs in region us-west-2. Its deployment configuration selects this region explicitly."
            }
          ],
          "positive_recall_at_4": 1.0,
          "positive_hit_at_4": true,
          "positive_mrr": 1.0,
          "negative_injection": null,
          "stale_injection": null,
          "latency_ms": 342.2693,
          "first_query": false,
          "server_startup_ms": 0.0,
          "model_text_bytes": 492,
          "mcp_result_bytes": 573,
          "wire_bytes": 608,
          "reported_used_tokens": 573,
          "working_set_bytes": 636747776,
          "peak_working_set_bytes": 684953600
        },
        {
          "query": "At what UTC time do daily Willow database backups start?",
          "ranked": [
            "backup"
          ],
          "delivered_capsules": [
            {
              "expansion_handle": "memory:01M1X74AC110P4ZQRZHH6M5RDK",
              "id": "01M1X74DGF1815KSB1FKJ3MSEA",
              "kind": "memory",
              "score": 0.9999792575836182,
              "summary": "project:fact - Willow daily database backups start at 04:15 UTC. The backup job runs once per day."
            }
          ],
          "positive_recall_at_4": 1.0,
          "positive_hit_at_4": true,
          "positive_mrr": 1.0,
          "negative_injection": null,
          "stale_injection": null,
          "latency_ms": 363.5498,
          "first_query": false,
          "server_startup_ms": 0.0,
          "model_text_bytes": 471,
          "mcp_result_bytes": 552,
          "wire_bytes": 587,
          "reported_used_tokens": 552,
          "working_set_bytes": 636882944,
          "peak_working_set_bytes": 684953600
        },
        {
          "query": "Which database and journal mode does Willow use for local state?",
          "ranked": [
            "storage"
          ],
          "delivered_capsules": [
            {
              "expansion_handle": "memory:01M1X74ACDYT6BP5K98X3TTYF4",
              "id": "01M1X74DVWMQWCKQ0F24Z94E8X",
              "kind": "memory",
              "score": 0.9999637603759766,
              "summary": "project:fact - Willow stores its local state in SQLite with write-ahead logging enabled. Use WAL mode for its database."
            }
          ],
          "positive_recall_at_4": 1.0,
          "positive_hit_at_4": true,
          "positive_mrr": 1.0,
          "negative_injection": null,
          "stale_injection": null,
          "latency_ms": 384.21509999999995,
          "first_query": false,
          "server_startup_ms": 0.0,
          "model_text_bytes": 492,
          "mcp_result_bytes": 573,
          "wire_bytes": 608,
          "reported_used_tokens": 573,
          "working_set_bytes": 636985344,
          "peak_working_set_bytes": 684953600
        },
        {
          "query": "¿A qué puerto TCP debo conectarme para staging de Willow?",
          "ranked": [
            "port"
          ],
          "delivered_capsules": [
            {
              "expansion_handle": "memory:01M1X74AAFXP73Y67EH78NA71F",
              "id": "01M1X74E7J5XPRYKWFC4CHDTYX",
              "kind": "memory",
              "score": 0.9999486207962036,
              "summary": "project:fact - Willow staging HTTP listener binds TCP port 7421. This is the current configured port for its staging service."
            }
          ],
          "positive_recall_at_4": 1.0,
          "positive_hit_at_4": true,
          "positive_mrr": 1.0,
          "negative_injection": null,
          "stale_injection": false,
          "latency_ms": 359.0758,
          "first_query": false,
          "server_startup_ms": 0.0,
          "model_text_bytes": 498,
          "mcp_result_bytes": 579,
          "wire_bytes": 614,
          "reported_used_tokens": 579,
          "working_set_bytes": 639369216,
          "peak_working_set_bytes": 684953600
        },
        {
          "query": "¿Dónde deben escribirse los mensajes de diagnóstico de Willow?",
          "ranked": [
            "logs"
          ],
          "delivered_capsules": [
            {
              "expansion_handle": "memory:01M1X74AAYHQ3QAY2636X45HKB",
              "id": "01M1X74EJRBQ4MGAYKATF2ZZ8K",
              "kind": "memory",
              "score": 0.9996838569641112,
              "summary": "project:fact - Willow diagnostic messages are written to stderr. Stdout is reserved for JSON-RPC protocol messages."
            }
          ],
          "positive_recall_at_4": 1.0,
          "positive_hit_at_4": true,
          "positive_mrr": 1.0,
          "negative_injection": null,
          "stale_injection": null,
          "latency_ms": 360.56149999999997,
          "first_query": false,
          "server_startup_ms": 0.0,
          "model_text_bytes": 488,
          "mcp_result_bytes": 569,
          "wire_bytes": 604,
          "reported_used_tokens": 569,
          "working_set_bytes": 639717376,
          "peak_working_set_bytes": 684953600
        },
        {
          "query": "¿Qué comando revierte Willow a la versión anterior?",
          "ranked": [
            "rollback"
          ],
          "delivered_capsules": [
            {
              "expansion_handle": "memory:01M1X74ABABAVG84KTNSXNRMFG",
              "id": "01M1X74EXYK9PF14Z7BPCJ45ZY",
              "kind": "memory",
              "score": 0.98951655626297,
              "summary": "project:fact - To roll back Willow to the previous release, run `willowctl rollback --previous` from the deployment workspace."
            }
          ],
          "positive_recall_at_4": 1.0,
          "positive_hit_at_4": true,
          "positive_mrr": 1.0,
          "negative_injection": null,
          "stale_injection": null,
          "latency_ms": 350.4021,
          "first_query": false,
          "server_startup_ms": 0.0,
          "model_text_bytes": 497,
          "mcp_result_bytes": 578,
          "wire_bytes": 614,
          "reported_used_tokens": 578,
          "working_set_bytes": 639905792,
          "peak_working_set_bytes": 684953600
        },
        {
          "query": "¿En qué región está desplegado Willow en producción?",
          "ranked": [
            "region"
          ],
          "delivered_capsules": [
            {
              "expansion_handle": "memory:01M1X74ABPP0X4QYY4CYR1CNZT",
              "id": "01M1X74F8ZHS7MRAZRPTJ2SGGQ",
              "kind": "memory",
              "score": 0.9999579191207886,
              "summary": "project:fact - Willow production runs in region us-west-2. Its deployment configuration selects this region explicitly."
            }
          ],
          "positive_recall_at_4": 1.0,
          "positive_hit_at_4": true,
          "positive_mrr": 1.0,
          "negative_injection": null,
          "stale_injection": null,
          "latency_ms": 351.3888,
          "first_query": false,
          "server_startup_ms": 0.0,
          "model_text_bytes": 492,
          "mcp_result_bytes": 573,
          "wire_bytes": 609,
          "reported_used_tokens": 573,
          "working_set_bytes": 639926272,
          "peak_working_set_bytes": 684953600
        },
        {
          "query": "¿A qué hora UTC empiezan las copias diarias de la base de datos de Willow?",
          "ranked": [
            "backup"
          ],
          "delivered_capsules": [
            {
              "expansion_handle": "memory:01M1X74AC110P4ZQRZHH6M5RDK",
              "id": "01M1X74FM515R2P13D2VA4BCBC",
              "kind": "memory",
              "score": 0.99997878074646,
              "summary": "project:fact - Willow daily database backups start at 04:15 UTC. The backup job runs once per day."
            }
          ],
          "positive_recall_at_4": 1.0,
          "positive_hit_at_4": true,
          "positive_mrr": 1.0,
          "negative_injection": null,
          "stale_injection": null,
          "latency_ms": 364.3312,
          "first_query": false,
          "server_startup_ms": 0.0,
          "model_text_bytes": 469,
          "mcp_result_bytes": 550,
          "wire_bytes": 586,
          "reported_used_tokens": 550,
          "working_set_bytes": 640262144,
          "peak_working_set_bytes": 684953600
        },
        {
          "query": "¿Qué base de datos y modo de registro usa Willow para guardar el estado local?",
          "ranked": [
            "storage"
          ],
          "delivered_capsules": [
            {
              "expansion_handle": "memory:01M1X74ACDYT6BP5K98X3TTYF4",
              "id": "01M1X74FZC3ZB6WF75B9NV678Z",
              "kind": "memory",
              "score": 0.999204695224762,
              "summary": "project:fact - Willow stores its local state in SQLite with write-ahead logging enabled. Use WAL mode for its database."
            }
          ],
          "positive_recall_at_4": 1.0,
          "positive_hit_at_4": true,
          "positive_mrr": 1.0,
          "negative_injection": null,
          "stale_injection": null,
          "latency_ms": 395.9871,
          "first_query": false,
          "server_startup_ms": 0.0,
          "model_text_bytes": 491,
          "mcp_result_bytes": 572,
          "wire_bytes": 608,
          "reported_used_tokens": 572,
          "working_set_bytes": 640331776,
          "peak_working_set_bytes": 684953600
        },
        {
          "query": "What authentication password is configured for the Willow staging listener?",
          "ranked": [],
          "positive_recall_at_4": null,
          "positive_hit_at_4": null,
          "positive_mrr": null,
          "negative_injection": false,
          "stale_injection": null,
          "latency_ms": 361.6691,
          "first_query": false,
          "server_startup_ms": 0.0,
          "model_text_bytes": 226,
          "mcp_result_bytes": 289,
          "wire_bytes": 325,
          "reported_used_tokens": 289,
          "working_set_bytes": 640503808,
          "peak_working_set_bytes": 684953600
        },
        {
          "query": "What encryption key protects the Willow database backups?",
          "ranked": [],
          "positive_recall_at_4": null,
          "positive_hit_at_4": null,
          "positive_mrr": null,
          "negative_injection": false,
          "stale_injection": null,
          "latency_ms": 363.5083,
          "first_query": false,
          "server_startup_ms": 0.0,
          "model_text_bytes": 226,
          "mcp_result_bytes": 289,
          "wire_bytes": 325,
          "reported_used_tokens": 289,
          "working_set_bytes": 646361088,
          "peak_working_set_bytes": 684953600
        },
        {
          "query": "How many production replicas run in the Willow deployment region?",
          "ranked": [],
          "positive_recall_at_4": null,
          "positive_hit_at_4": null,
          "positive_mrr": null,
          "negative_injection": false,
          "stale_injection": null,
          "latency_ms": 376.35020000000003,
          "first_query": false,
          "server_startup_ms": 0.0,
          "model_text_bytes": 226,
          "mcp_result_bytes": 289,
          "wire_bytes": 325,
          "reported_used_tokens": 289,
          "working_set_bytes": 646516736,
          "peak_working_set_bytes": 684953600
        },
        {
          "query": "¿Qué contraseña exige el servidor de staging de Willow?",
          "ranked": [],
          "positive_recall_at_4": null,
          "positive_hit_at_4": null,
          "positive_mrr": null,
          "negative_injection": false,
          "stale_injection": null,
          "latency_ms": 372.259,
          "first_query": false,
          "server_startup_ms": 0.0,
          "model_text_bytes": 226,
          "mcp_result_bytes": 289,
          "wire_bytes": 325,
          "reported_used_tokens": 289,
          "working_set_bytes": 646598656,
          "peak_working_set_bytes": 684953600
        },
        {
          "query": "¿Cuántos días se conservan las copias de seguridad de Willow?",
          "ranked": [],
          "positive_recall_at_4": null,
          "positive_hit_at_4": null,
          "positive_mrr": null,
          "negative_injection": false,
          "stale_injection": null,
          "latency_ms": 358.5102,
          "first_query": false,
          "server_startup_ms": 0.0,
          "model_text_bytes": 226,
          "mcp_result_bytes": 289,
          "wire_bytes": 325,
          "reported_used_tokens": 289,
          "working_set_bytes": 646852608,
          "peak_working_set_bytes": 684953600
        },
        {
          "query": "¿Qué versión de SQLite requiere Willow?",
          "ranked": [],
          "positive_recall_at_4": null,
          "positive_hit_at_4": null,
          "positive_mrr": null,
          "negative_injection": false,
          "stale_injection": null,
          "latency_ms": 352.434,
          "first_query": false,
          "server_startup_ms": 0.0,
          "model_text_bytes": 226,
          "mcp_result_bytes": 289,
          "wire_bytes": 325,
          "reported_used_tokens": 289,
          "working_set_bytes": 646914048,
          "peak_working_set_bytes": 684953600
        }
      ],
      "id": "willow-unseen-project",
      "dimension": "retrieval",
      "tier": "hard",
      "score": 1.0,
      "skipped": false,
      "detail": "positive-recall@4=1.00 mrr=1.00 stale-hit=0.000 (n=2) resolution=1.000 (n=2) false-injection=0.000 (n=6) positive-n=12 negative-n=6 (18 queries)"
    },
    {
      "observations": [
        {
          "query": "Which TCP port should I connect to for Marble staging?",
          "ranked": [
            "port"
          ],
          "delivered_capsules": [
            {
              "expansion_handle": "memory:01M1X74KGAVVH202MFDYYGDNH7",
              "id": "01M1X74NABYXVFQBFS8VF19RMR",
              "kind": "memory",
              "score": 0.9996737241744996,
              "summary": "project:fact - Marble staging HTTP listener binds TCP port 8533. This is the current configured port for its staging service."
            }
          ],
          "positive_recall_at_4": 1.0,
          "positive_hit_at_4": true,
          "positive_mrr": 1.0,
          "negative_injection": null,
          "stale_injection": false,
          "latency_ms": 1798.0515,
          "first_query": true,
          "server_startup_ms": 74.2368,
          "model_text_bytes": 498,
          "mcp_result_bytes": 579,
          "wire_bytes": 614,
          "reported_used_tokens": 579,
          "working_set_bytes": 629190656,
          "peak_working_set_bytes": 684789760
        },
        {
          "query": "Where should Marble diagnostic logs be written?",
          "ranked": [
            "logs",
            "storage"
          ],
          "delivered_capsules": [
            {
              "expansion_handle": "memory:01M1X74KGVC5QW3FPTV1RDDZ1P",
              "id": "01M1X74NNSGX4YMG5JQ6K6BRTP",
              "kind": "memory",
              "score": 0.9971815347671508,
              "summary": "project:fact - Marble diagnostic messages are written to stderr. Stdout is reserved for JSON-RPC protocol messages."
            },
            {
              "expansion_handle": "memory:01M1X74KJ9VG6PXF9GTMWAAVBF",
              "id": "01M1X74NNT4YXP2GSHCZX446NE",
              "kind": "memory",
              "score": 0.6012999415397644,
              "summary": "project:fact - Marble stores its local state in SQLite with write-ahead logging enabled. Use WAL mode for its database."
            }
          ],
          "positive_recall_at_4": 1.0,
          "positive_hit_at_4": true,
          "positive_mrr": 1.0,
          "negative_injection": null,
          "stale_injection": null,
          "latency_ms": 354.2907,
          "first_query": false,
          "server_startup_ms": 0.0,
          "model_text_bytes": 754,
          "mcp_result_bytes": 853,
          "wire_bytes": 888,
          "reported_used_tokens": 853,
          "working_set_bytes": 629678080,
          "peak_working_set_bytes": 684789760
        },
        {
          "query": "Which command rolls back Marble to its previous release?",
          "ranked": [
            "rollback"
          ],
          "delivered_capsules": [
            {
              "expansion_handle": "memory:01M1X74KH6F8EC1RYSZFF50DPF",
              "id": "01M1X74P0ZPSC38GWNA6JY52RX",
              "kind": "memory",
              "score": 0.9997585415840148,
              "summary": "project:fact - To roll back Marble to the previous release, run `marblectl rollback --previous` from the deployment workspace."
            }
          ],
          "positive_recall_at_4": 1.0,
          "positive_hit_at_4": true,
          "positive_mrr": 1.0,
          "negative_injection": null,
          "stale_injection": null,
          "latency_ms": 389.2509,
          "first_query": false,
          "server_startup_ms": 0.0,
          "model_text_bytes": 499,
          "mcp_result_bytes": 580,
          "wire_bytes": 615,
          "reported_used_tokens": 580,
          "working_set_bytes": 632147968,
          "peak_working_set_bytes": 684789760
        },
        {
          "query": "Which region hosts Marble production?",
          "ranked": [
            "region"
          ],
          "delivered_capsules": [
            {
              "expansion_handle": "memory:01M1X74KHJ5C1KZ61SCS4G982K",
              "id": "01M1X74PCQMQG6BTFHZ68316MJ",
              "kind": "memory",
              "score": 0.999954104423523,
              "summary": "project:fact - Marble production runs in region ap-south-1. Its deployment configuration selects this region explicitly."
            }
          ],
          "positive_recall_at_4": 1.0,
          "positive_hit_at_4": true,
          "positive_mrr": 1.0,
          "negative_injection": null,
          "stale_injection": null,
          "latency_ms": 346.4203,
          "first_query": false,
          "server_startup_ms": 0.0,
          "model_text_bytes": 492,
          "mcp_result_bytes": 573,
          "wire_bytes": 608,
          "reported_used_tokens": 573,
          "working_set_bytes": 632340480,
          "peak_working_set_bytes": 684789760
        },
        {
          "query": "At what UTC time do daily Marble database backups start?",
          "ranked": [
            "backup"
          ],
          "delivered_capsules": [
            {
              "expansion_handle": "memory:01M1X74KHXBV6MQ4J0QWN0DE2Q",
              "id": "01M1X74PQNH3YXZSW2STQKSW90",
              "kind": "memory",
              "score": 0.999979853630066,
              "summary": "project:fact - Marble daily database backups start at 01:25 UTC. The backup job runs once per day."
            }
          ],
          "positive_recall_at_4": 1.0,
          "positive_hit_at_4": true,
          "positive_mrr": 1.0,
          "negative_injection": null,
          "stale_injection": null,
          "latency_ms": 353.64709999999997,
          "first_query": false,
          "server_startup_ms": 0.0,
          "model_text_bytes": 471,
          "mcp_result_bytes": 552,
          "wire_bytes": 587,
          "reported_used_tokens": 552,
          "working_set_bytes": 632512512,
          "peak_working_set_bytes": 684789760
        },
        {
          "query": "Which database and journal mode does Marble use for local state?",
          "ranked": [
            "storage"
          ],
          "delivered_capsules": [
            {
              "expansion_handle": "memory:01M1X74KJ9VG6PXF9GTMWAAVBF",
              "id": "01M1X74Q40H3HFSJ36YQC6M0Y5",
              "kind": "memory",
              "score": 0.9999568462371826,
              "summary": "project:fact - Marble stores its local state in SQLite with write-ahead logging enabled. Use WAL mode for its database."
            }
          ],
          "positive_recall_at_4": 1.0,
          "positive_hit_at_4": true,
          "positive_mrr": 1.0,
          "negative_injection": null,
          "stale_injection": null,
          "latency_ms": 407.0996,
          "first_query": false,
          "server_startup_ms": 0.0,
          "model_text_bytes": 492,
          "mcp_result_bytes": 573,
          "wire_bytes": 608,
          "reported_used_tokens": 573,
          "working_set_bytes": 632619008,
          "peak_working_set_bytes": 684789760
        },
        {
          "query": "¿A qué puerto TCP debo conectarme para staging de Marble?",
          "ranked": [
            "port"
          ],
          "delivered_capsules": [
            {
              "expansion_handle": "memory:01M1X74KGAVVH202MFDYYGDNH7",
              "id": "01M1X74QGASZ4ZJZCPGFZBWKP3",
              "kind": "memory",
              "score": 0.9998871088027954,
              "summary": "project:fact - Marble staging HTTP listener binds TCP port 8533. This is the current configured port for its staging service."
            }
          ],
          "positive_recall_at_4": 1.0,
          "positive_hit_at_4": true,
          "positive_mrr": 1.0,
          "negative_injection": null,
          "stale_injection": false,
          "latency_ms": 392.1516,
          "first_query": false,
          "server_startup_ms": 0.0,
          "model_text_bytes": 498,
          "mcp_result_bytes": 579,
          "wire_bytes": 614,
          "reported_used_tokens": 579,
          "working_set_bytes": 634892288,
          "peak_working_set_bytes": 684789760
        },
        {
          "query": "¿Dónde deben escribirse los mensajes de diagnóstico de Marble?",
          "ranked": [
            "logs"
          ],
          "delivered_capsules": [
            {
              "expansion_handle": "memory:01M1X74KGVC5QW3FPTV1RDDZ1P",
              "id": "01M1X74QWDHZEXW3T5H11E0HVD",
              "kind": "memory",
              "score": 0.9992142915725708,
              "summary": "project:fact - Marble diagnostic messages are written to stderr. Stdout is reserved for JSON-RPC protocol messages."
            }
          ],
          "positive_recall_at_4": 1.0,
          "positive_hit_at_4": true,
          "positive_mrr": 1.0,
          "negative_injection": null,
          "stale_injection": null,
          "latency_ms": 389.017,
          "first_query": false,
          "server_startup_ms": 0.0,
          "model_text_bytes": 488,
          "mcp_result_bytes": 569,
          "wire_bytes": 604,
          "reported_used_tokens": 569,
          "working_set_bytes": 635305984,
          "peak_working_set_bytes": 684789760
        },
        {
          "query": "¿Qué comando revierte Marble a la versión anterior?",
          "ranked": [
            "rollback"
          ],
          "delivered_capsules": [
            {
              "expansion_handle": "memory:01M1X74KH6F8EC1RYSZFF50DPF",
              "id": "01M1X74R7WKKGZZQM1DDJCKMEF",
              "kind": "memory",
              "score": 0.976457178592682,
              "summary": "project:fact - To roll back Marble to the previous release, run `marblectl rollback --previous` from the deployment workspace."
            }
          ],
          "positive_recall_at_4": 1.0,
          "positive_hit_at_4": true,
          "positive_mrr": 1.0,
          "negative_injection": null,
          "stale_injection": null,
          "latency_ms": 356.88239999999996,
          "first_query": false,
          "server_startup_ms": 0.0,
          "model_text_bytes": 499,
          "mcp_result_bytes": 580,
          "wire_bytes": 616,
          "reported_used_tokens": 580,
          "working_set_bytes": 635351040,
          "peak_working_set_bytes": 684789760
        },
        {
          "query": "¿En qué región está desplegado Marble en producción?",
          "ranked": [
            "region"
          ],
          "delivered_capsules": [
            {
              "expansion_handle": "memory:01M1X74KHJ5C1KZ61SCS4G982K",
              "id": "01M1X74RK9N4ARHK3232KT21DX",
              "kind": "memory",
              "score": 0.9999542236328124,
              "summary": "project:fact - Marble production runs in region ap-south-1. Its deployment configuration selects this region explicitly."
            }
          ],
          "positive_recall_at_4": 1.0,
          "positive_hit_at_4": true,
          "positive_mrr": 1.0,
          "negative_injection": null,
          "stale_injection": null,
          "latency_ms": 362.1453,
          "first_query": false,
          "server_startup_ms": 0.0,
          "model_text_bytes": 493,
          "mcp_result_bytes": 574,
          "wire_bytes": 610,
          "reported_used_tokens": 574,
          "working_set_bytes": 635432960,
          "peak_working_set_bytes": 684789760
        },
        {
          "query": "¿A qué hora UTC empiezan las copias diarias de la base de datos de Marble?",
          "ranked": [
            "backup"
          ],
          "delivered_capsules": [
            {
              "expansion_handle": "memory:01M1X74KHXBV6MQ4J0QWN0DE2Q",
              "id": "01M1X74RYF0RE6RFNA78ZGDHQ9",
              "kind": "memory",
              "score": 0.9999665021896362,
              "summary": "project:fact - Marble daily database backups start at 01:25 UTC. The backup job runs once per day."
            }
          ],
          "positive_recall_at_4": 1.0,
          "positive_hit_at_4": true,
          "positive_mrr": 1.0,
          "negative_injection": null,
          "stale_injection": null,
          "latency_ms": 369.9992,
          "first_query": false,
          "server_startup_ms": 0.0,
          "model_text_bytes": 471,
          "mcp_result_bytes": 552,
          "wire_bytes": 588,
          "reported_used_tokens": 552,
          "working_set_bytes": 635744256,
          "peak_working_set_bytes": 684789760
        },
        {
          "query": "¿Qué base de datos y modo de registro usa Marble para guardar el estado local?",
          "ranked": [
            "storage"
          ],
          "delivered_capsules": [
            {
              "expansion_handle": "memory:01M1X74KJ9VG6PXF9GTMWAAVBF",
              "id": "01M1X74SA9SCYZJAEXAVKTEKHZ",
              "kind": "memory",
              "score": 0.9953057169914246,
              "summary": "project:fact - Marble stores its local state in SQLite with write-ahead logging enabled. Use WAL mode for its database."
            }
          ],
          "positive_recall_at_4": 1.0,
          "positive_hit_at_4": true,
          "positive_mrr": 1.0,
          "negative_injection": null,
          "stale_injection": null,
          "latency_ms": 383.40180000000004,
          "first_query": false,
          "server_startup_ms": 0.0,
          "model_text_bytes": 492,
          "mcp_result_bytes": 573,
          "wire_bytes": 609,
          "reported_used_tokens": 573,
          "working_set_bytes": 635809792,
          "peak_working_set_bytes": 684789760
        },
        {
          "query": "What authentication password is configured for the Marble staging listener?",
          "ranked": [],
          "positive_recall_at_4": null,
          "positive_hit_at_4": null,
          "positive_mrr": null,
          "negative_injection": false,
          "stale_injection": null,
          "latency_ms": 369.97999999999996,
          "first_query": false,
          "server_startup_ms": 0.0,
          "model_text_bytes": 226,
          "mcp_result_bytes": 289,
          "wire_bytes": 325,
          "reported_used_tokens": 289,
          "working_set_bytes": 635899904,
          "peak_working_set_bytes": 684789760
        },
        {
          "query": "What encryption key protects the Marble database backups?",
          "ranked": [],
          "positive_recall_at_4": null,
          "positive_hit_at_4": null,
          "positive_mrr": null,
          "negative_injection": false,
          "stale_injection": null,
          "latency_ms": 353.71029999999996,
          "first_query": false,
          "server_startup_ms": 0.0,
          "model_text_bytes": 226,
          "mcp_result_bytes": 289,
          "wire_bytes": 325,
          "reported_used_tokens": 289,
          "working_set_bytes": 641761280,
          "peak_working_set_bytes": 684789760
        },
        {
          "query": "How many production replicas run in the Marble deployment region?",
          "ranked": [],
          "positive_recall_at_4": null,
          "positive_hit_at_4": null,
          "positive_mrr": null,
          "negative_injection": false,
          "stale_injection": null,
          "latency_ms": 356.7172,
          "first_query": false,
          "server_startup_ms": 0.0,
          "model_text_bytes": 226,
          "mcp_result_bytes": 289,
          "wire_bytes": 325,
          "reported_used_tokens": 289,
          "working_set_bytes": 641781760,
          "peak_working_set_bytes": 684789760
        },
        {
          "query": "¿Qué contraseña exige el servidor de staging de Marble?",
          "ranked": [],
          "positive_recall_at_4": null,
          "positive_hit_at_4": null,
          "positive_mrr": null,
          "negative_injection": false,
          "stale_injection": null,
          "latency_ms": 356.9958,
          "first_query": false,
          "server_startup_ms": 0.0,
          "model_text_bytes": 226,
          "mcp_result_bytes": 289,
          "wire_bytes": 325,
          "reported_used_tokens": 289,
          "working_set_bytes": 641904640,
          "peak_working_set_bytes": 684789760
        },
        {
          "query": "¿Cuántos días se conservan las copias de seguridad de Marble?",
          "ranked": [],
          "positive_recall_at_4": null,
          "positive_hit_at_4": null,
          "positive_mrr": null,
          "negative_injection": false,
          "stale_injection": null,
          "latency_ms": 367.3115,
          "first_query": false,
          "server_startup_ms": 0.0,
          "model_text_bytes": 226,
          "mcp_result_bytes": 289,
          "wire_bytes": 325,
          "reported_used_tokens": 289,
          "working_set_bytes": 642134016,
          "peak_working_set_bytes": 684789760
        },
        {
          "query": "¿Qué versión de SQLite requiere Marble?",
          "ranked": [],
          "positive_recall_at_4": null,
          "positive_hit_at_4": null,
          "positive_mrr": null,
          "negative_injection": false,
          "stale_injection": null,
          "latency_ms": 352.53679999999997,
          "first_query": false,
          "server_startup_ms": 0.0,
          "model_text_bytes": 226,
          "mcp_result_bytes": 289,
          "wire_bytes": 325,
          "reported_used_tokens": 289,
          "working_set_bytes": 642207744,
          "peak_working_set_bytes": 684789760
        }
      ],
      "id": "marble-unseen-project",
      "dimension": "retrieval",
      "tier": "hard",
      "score": 1.0,
      "skipped": false,
      "detail": "positive-recall@4=1.00 mrr=1.00 stale-hit=0.000 (n=2) resolution=1.000 (n=2) false-injection=0.000 (n=6) positive-n=12 negative-n=6 (18 queries)"
    },
    {
      "observations": [
        {
          "query": "Which TCP port should I connect to for Kestrel staging?",
          "ranked": [
            "port"
          ],
          "delivered_capsules": [
            {
              "expansion_handle": "memory:01M1X74WT3G9E8X615FY1VQF2F",
              "id": "01M1X74YN1MM2R48HPDYS8MMXA",
              "kind": "memory",
              "score": 0.9999393224716188,
              "summary": "project:fact - Kestrel staging HTTP listener binds TCP port 9647. This is the current configured port for its staging service."
            }
          ],
          "positive_recall_at_4": 1.0,
          "positive_hit_at_4": true,
          "positive_mrr": 1.0,
          "negative_injection": null,
          "stale_injection": false,
          "latency_ms": 1799.1631,
          "first_query": true,
          "server_startup_ms": 87.9836,
          "model_text_bytes": 499,
          "mcp_result_bytes": 580,
          "wire_bytes": 615,
          "reported_used_tokens": 580,
          "working_set_bytes": 634990592,
          "peak_working_set_bytes": 685191168
        },
        {
          "query": "Where should Kestrel diagnostic logs be written?",
          "ranked": [
            "logs",
            "storage"
          ],
          "delivered_capsules": [
            {
              "expansion_handle": "memory:01M1X74WTMDHA14XF6ZJP0SZ6A",
              "id": "01M1X74Z05N8TCMQ2X5T4T7S5N",
              "kind": "memory",
              "score": 0.9987480640411376,
              "summary": "project:fact - Kestrel diagnostic messages are written to stderr. Stdout is reserved for JSON-RPC protocol messages."
            },
            {
              "expansion_handle": "memory:01M1X74WW4RWSB49A09HKGNN8F",
              "id": "01M1X74Z05D0SS9PWPY0ZC1967",
              "kind": "memory",
              "score": 0.9422296285629272,
              "summary": "project:fact - Kestrel stores its local state in SQLite with write-ahead logging enabled. Use WAL mode for its database."
            }
          ],
          "positive_recall_at_4": 1.0,
          "positive_hit_at_4": true,
          "positive_mrr": 1.0,
          "negative_injection": null,
          "stale_injection": null,
          "latency_ms": 348.8137,
          "first_query": false,
          "server_startup_ms": 0.0,
          "model_text_bytes": 756,
          "mcp_result_bytes": 855,
          "wire_bytes": 890,
          "reported_used_tokens": 855,
          "working_set_bytes": 637157376,
          "peak_working_set_bytes": 685191168
        },
        {
          "query": "Which command rolls back Kestrel to its previous release?",
          "ranked": [
            "rollback"
          ],
          "delivered_capsules": [
            {
              "expansion_handle": "memory:01M1X74WV0WHHXHYF9K582YARS",
              "id": "01M1X74ZB416TPEYMPYKKC8F1G",
              "kind": "memory",
              "score": 0.9997856020927428,
              "summary": "project:fact - To roll back Kestrel to the previous release, run `kestrelctl rollback --previous` from the deployment workspace."
            }
          ],
          "positive_recall_at_4": 1.0,
          "positive_hit_at_4": true,
          "positive_mrr": 1.0,
          "negative_injection": null,
          "stale_injection": null,
          "latency_ms": 356.0393,
          "first_query": false,
          "server_startup_ms": 0.0,
          "model_text_bytes": 501,
          "mcp_result_bytes": 582,
          "wire_bytes": 617,
          "reported_used_tokens": 582,
          "working_set_bytes": 639414272,
          "peak_working_set_bytes": 685191168
        },
        {
          "query": "Which region hosts Kestrel production?",
          "ranked": [
            "region"
          ],
          "delivered_capsules": [
            {
              "expansion_handle": "memory:01M1X74WVCSS6SA5FTTNZRRWT9",
              "id": "01M1X74ZP5RFMJ4XTRA2ZKC06R",
              "kind": "memory",
              "score": 0.9999779462814332,
              "summary": "project:fact - Kestrel production runs in region eu-west-3. Its deployment configuration selects this region explicitly."
            }
          ],
          "positive_recall_at_4": 1.0,
          "positive_hit_at_4": true,
          "positive_mrr": 1.0,
          "negative_injection": null,
          "stale_injection": null,
          "latency_ms": 346.9871,
          "first_query": false,
          "server_startup_ms": 0.0,
          "model_text_bytes": 493,
          "mcp_result_bytes": 574,
          "wire_bytes": 609,
          "reported_used_tokens": 574,
          "working_set_bytes": 639672320,
          "peak_working_set_bytes": 685191168
        },
        {
          "query": "At what UTC time do daily Kestrel database backups start?",
          "ranked": [
            "backup"
          ],
          "delivered_capsules": [
            {
              "expansion_handle": "memory:01M1X74WVS4D1527GT7WDEA13K",
              "id": "01M1X7501922Q3WDK6AGBR8C58",
              "kind": "memory",
              "score": 0.999980330467224,
              "summary": "project:fact - Kestrel daily database backups start at 03:50 UTC. The backup job runs once per day."
            }
          ],
          "positive_recall_at_4": 1.0,
          "positive_hit_at_4": true,
          "positive_mrr": 1.0,
          "negative_injection": null,
          "stale_injection": null,
          "latency_ms": 362.404,
          "first_query": false,
          "server_startup_ms": 0.0,
          "model_text_bytes": 472,
          "mcp_result_bytes": 553,
          "wire_bytes": 588,
          "reported_used_tokens": 553,
          "working_set_bytes": 640102400,
          "peak_working_set_bytes": 685191168
        },
        {
          "query": "Which database and journal mode does Kestrel use for local state?",
          "ranked": [
            "storage"
          ],
          "delivered_capsules": [
            {
              "expansion_handle": "memory:01M1X74WW4RWSB49A09HKGNN8F",
              "id": "01M1X750CF7Q5G0HVQ91F0Q5JQ",
              "kind": "memory",
              "score": 0.999975323677063,
              "summary": "project:fact - Kestrel stores its local state in SQLite with write-ahead logging enabled. Use WAL mode for its database."
            }
          ],
          "positive_recall_at_4": 1.0,
          "positive_hit_at_4": true,
          "positive_mrr": 1.0,
          "negative_injection": null,
          "stale_injection": null,
          "latency_ms": 358.2096,
          "first_query": false,
          "server_startup_ms": 0.0,
          "model_text_bytes": 492,
          "mcp_result_bytes": 573,
          "wire_bytes": 608,
          "reported_used_tokens": 573,
          "working_set_bytes": 640221184,
          "peak_working_set_bytes": 685191168
        },
        {
          "query": "¿A qué puerto TCP debo conectarme para staging de Kestrel?",
          "ranked": [
            "port"
          ],
          "delivered_capsules": [
            {
              "expansion_handle": "memory:01M1X74WT3G9E8X615FY1VQF2F",
              "id": "01M1X750QPH89W9W2A5KXXJSB2",
              "kind": "memory",
              "score": 0.9999423027038574,
              "summary": "project:fact - Kestrel staging HTTP listener binds TCP port 9647. This is the current configured port for its staging service."
            }
          ],
          "positive_recall_at_4": 1.0,
          "positive_hit_at_4": true,
          "positive_mrr": 1.0,
          "negative_injection": null,
          "stale_injection": false,
          "latency_ms": 369.2017,
          "first_query": false,
          "server_startup_ms": 0.0,
          "model_text_bytes": 499,
          "mcp_result_bytes": 580,
          "wire_bytes": 615,
          "reported_used_tokens": 580,
          "working_set_bytes": 642719744,
          "peak_working_set_bytes": 685191168
        },
        {
          "query": "¿Dónde deben escribirse los mensajes de diagnóstico de Kestrel?",
          "ranked": [
            "logs"
          ],
          "delivered_capsules": [
            {
              "expansion_handle": "memory:01M1X74WTMDHA14XF6ZJP0SZ6A",
              "id": "01M1X7513BFC7BRHFCVFD3AS9J",
              "kind": "memory",
              "score": 0.9997678399086,
              "summary": "project:fact - Kestrel diagnostic messages are written to stderr. Stdout is reserved for JSON-RPC protocol messages."
            }
          ],
          "positive_recall_at_4": 1.0,
          "positive_hit_at_4": true,
          "positive_mrr": 1.0,
          "negative_injection": null,
          "stale_injection": null,
          "latency_ms": 370.25590000000005,
          "first_query": false,
          "server_startup_ms": 0.0,
          "model_text_bytes": 489,
          "mcp_result_bytes": 570,
          "wire_bytes": 605,
          "reported_used_tokens": 570,
          "working_set_bytes": 642830336,
          "peak_working_set_bytes": 685191168
        },
        {
          "query": "¿Qué comando revierte Kestrel a la versión anterior?",
          "ranked": [
            "rollback"
          ],
          "delivered_capsules": [
            {
              "expansion_handle": "memory:01M1X74WV0WHHXHYF9K582YARS",
              "id": "01M1X751F0H9MKZG03M2W97Q88",
              "kind": "memory",
              "score": 0.9766082763671876,
              "summary": "project:fact - To roll back Kestrel to the previous release, run `kestrelctl rollback --previous` from the deployment workspace."
            }
          ],
          "positive_recall_at_4": 1.0,
          "positive_hit_at_4": true,
          "positive_mrr": 1.0,
          "negative_injection": null,
          "stale_injection": null,
          "latency_ms": 384.2406,
          "first_query": false,
          "server_startup_ms": 0.0,
          "model_text_bytes": 501,
          "mcp_result_bytes": 582,
          "wire_bytes": 618,
          "reported_used_tokens": 582,
          "working_set_bytes": 642985984,
          "peak_working_set_bytes": 685191168
        },
        {
          "query": "¿En qué región está desplegado Kestrel en producción?",
          "ranked": [
            "region"
          ],
          "delivered_capsules": [
            {
              "expansion_handle": "memory:01M1X74WVCSS6SA5FTTNZRRWT9",
              "id": "01M1X751TRPXKT395TGB0BXATF",
              "kind": "memory",
              "score": 0.999974250793457,
              "summary": "project:fact - Kestrel production runs in region eu-west-3. Its deployment configuration selects this region explicitly."
            }
          ],
          "positive_recall_at_4": 1.0,
          "positive_hit_at_4": true,
          "positive_mrr": 1.0,
          "negative_injection": null,
          "stale_injection": null,
          "latency_ms": 357.7899,
          "first_query": false,
          "server_startup_ms": 0.0,
          "model_text_bytes": 492,
          "mcp_result_bytes": 573,
          "wire_bytes": 609,
          "reported_used_tokens": 573,
          "working_set_bytes": 643039232,
          "peak_working_set_bytes": 685191168
        },
        {
          "query": "¿A qué hora UTC empiezan las copias diarias de la base de datos de Kestrel?",
          "ranked": [
            "backup"
          ],
          "delivered_capsules": [
            {
              "expansion_handle": "memory:01M1X74WVS4D1527GT7WDEA13K",
              "id": "01M1X7525Y9WT6EBJ6WBMB65P5",
              "kind": "memory",
              "score": 0.9999799728393556,
              "summary": "project:fact - Kestrel daily database backups start at 03:50 UTC. The backup job runs once per day."
            }
          ],
          "positive_recall_at_4": 1.0,
          "positive_hit_at_4": true,
          "positive_mrr": 1.0,
          "negative_injection": null,
          "stale_injection": null,
          "latency_ms": 356.3876,
          "first_query": false,
          "server_startup_ms": 0.0,
          "model_text_bytes": 472,
          "mcp_result_bytes": 553,
          "wire_bytes": 589,
          "reported_used_tokens": 553,
          "working_set_bytes": 643321856,
          "peak_working_set_bytes": 685191168
        },
        {
          "query": "¿Qué base de datos y modo de registro usa Kestrel para guardar el estado local?",
          "ranked": [
            "storage"
          ],
          "delivered_capsules": [
            {
              "expansion_handle": "memory:01M1X74WW4RWSB49A09HKGNN8F",
              "id": "01M1X752H5VX2RWE9BAHMV4H10",
              "kind": "memory",
              "score": 0.9993937015533448,
              "summary": "project:fact - Kestrel stores its local state in SQLite with write-ahead logging enabled. Use WAL mode for its database."
            }
          ],
          "positive_recall_at_4": 1.0,
          "positive_hit_at_4": true,
          "positive_mrr": 1.0,
          "negative_injection": null,
          "stale_injection": null,
          "latency_ms": 362.36249999999995,
          "first_query": false,
          "server_startup_ms": 0.0,
          "model_text_bytes": 493,
          "mcp_result_bytes": 574,
          "wire_bytes": 610,
          "reported_used_tokens": 574,
          "working_set_bytes": 643420160,
          "peak_working_set_bytes": 685191168
        },
        {
          "query": "What authentication password is configured for the Kestrel staging listener?",
          "ranked": [],
          "positive_recall_at_4": null,
          "positive_hit_at_4": null,
          "positive_mrr": null,
          "negative_injection": false,
          "stale_injection": null,
          "latency_ms": 358.2715,
          "first_query": false,
          "server_startup_ms": 0.0,
          "model_text_bytes": 226,
          "mcp_result_bytes": 289,
          "wire_bytes": 325,
          "reported_used_tokens": 289,
          "working_set_bytes": 643592192,
          "peak_working_set_bytes": 685191168
        },
        {
          "query": "What encryption key protects the Kestrel database backups?",
          "ranked": [],
          "positive_recall_at_4": null,
          "positive_hit_at_4": null,
          "positive_mrr": null,
          "negative_injection": false,
          "stale_injection": null,
          "latency_ms": 364.0852,
          "first_query": false,
          "server_startup_ms": 0.0,
          "model_text_bytes": 226,
          "mcp_result_bytes": 289,
          "wire_bytes": 325,
          "reported_used_tokens": 289,
          "working_set_bytes": 647688192,
          "peak_working_set_bytes": 685191168
        },
        {
          "query": "How many production replicas run in the Kestrel deployment region?",
          "ranked": [],
          "positive_recall_at_4": null,
          "positive_hit_at_4": null,
          "positive_mrr": null,
          "negative_injection": false,
          "stale_injection": null,
          "latency_ms": 357.2308,
          "first_query": false,
          "server_startup_ms": 0.0,
          "model_text_bytes": 226,
          "mcp_result_bytes": 289,
          "wire_bytes": 325,
          "reported_used_tokens": 289,
          "working_set_bytes": 647901184,
          "peak_working_set_bytes": 685191168
        },
        {
          "query": "¿Qué contraseña exige el servidor de staging de Kestrel?",
          "ranked": [],
          "positive_recall_at_4": null,
          "positive_hit_at_4": null,
          "positive_mrr": null,
          "negative_injection": false,
          "stale_injection": null,
          "latency_ms": 371.31399999999996,
          "first_query": false,
          "server_startup_ms": 0.0,
          "model_text_bytes": 226,
          "mcp_result_bytes": 289,
          "wire_bytes": 325,
          "reported_used_tokens": 289,
          "working_set_bytes": 647966720,
          "peak_working_set_bytes": 685191168
        },
        {
          "query": "¿Cuántos días se conservan las copias de seguridad de Kestrel?",
          "ranked": [],
          "positive_recall_at_4": null,
          "positive_hit_at_4": null,
          "positive_mrr": null,
          "negative_injection": false,
          "stale_injection": null,
          "latency_ms": 370.6778,
          "first_query": false,
          "server_startup_ms": 0.0,
          "model_text_bytes": 226,
          "mcp_result_bytes": 289,
          "wire_bytes": 325,
          "reported_used_tokens": 289,
          "working_set_bytes": 648126464,
          "peak_working_set_bytes": 685191168
        },
        {
          "query": "¿Qué versión de SQLite requiere Kestrel?",
          "ranked": [],
          "positive_recall_at_4": null,
          "positive_hit_at_4": null,
          "positive_mrr": null,
          "negative_injection": false,
          "stale_injection": null,
          "latency_ms": 377.43080000000003,
          "first_query": false,
          "server_startup_ms": 0.0,
          "model_text_bytes": 226,
          "mcp_result_bytes": 289,
          "wire_bytes": 325,
          "reported_used_tokens": 289,
          "working_set_bytes": 648179712,
          "peak_working_set_bytes": 685191168
        }
      ],
      "id": "kestrel-unseen-project",
      "dimension": "retrieval",
      "tier": "hard",
      "score": 1.0,
      "skipped": false,
      "detail": "positive-recall@4=1.00 mrr=1.00 stale-hit=0.000 (n=2) resolution=1.000 (n=2) false-injection=0.000 (n=6) positive-n=12 negative-n=6 (18 queries)"
    }
  ],
  "by_dimension_tier": {
    "retrieval/hard": [
      4.0,
      4
    ]
  },
  "by_dimension": {
    "retrieval": {
      "mean": 1.0,
      "n": 4,
      "ci95": 0.0
    }
  },
  "overall_index": 1.0,
  "scenario_weighted_index": 1.0
}
