   Compiling kimetsu-core v2.7.0 (E:\tmp\kimetsu-brain-hardening\crates\kimetsu-core)
   Compiling kimetsu-brain v2.7.0 (E:\tmp\kimetsu-brain-hardening\crates\kimetsu-brain)
   Compiling kimetsu-agent v2.7.0 (E:\tmp\kimetsu-brain-hardening\crates\kimetsu-agent)
   Compiling kimetsu-bench v0.2.0 (E:\tmp\kimetsu-brain-hardening\bench)
    Finished `test` profile [unoptimized + debuginfo] target(s) in 44.08s
     Running unittests src\main.rs (E:/Kimetsu/bench/target\debug\deps\kbench-a3892fa7ea342860.exe)

running 131 tests
test drivers::brain_mcp::tests::windows_process_memory_reports_live_working_set_and_peak ... ok
test drivers::beam::tests::synthetic_fixture_is_well_formed ... ok
test drivers::brain_mcp::tests::malformed_or_failed_protocol_output_is_not_abstention ... ok
test drivers::brain_mcp::tests::measures_serialized_result_and_utf8_text_without_losing_escapes ... ok
test drivers::brainbench::tests::ci95_half_width_undefined_for_small_n ... ok
test drivers::brainbench::tests::ci95_half_width_shrinks_with_n ... ok
test drivers::brainbench::tests::ci95_half_width_zero_for_constant_scores ... ok
test drivers::brainbench::tests::build_report_excludes_skipped_from_index ... ok
test drivers::brainbench::tests::dimension_from_str ... ok
test drivers::brainbench::tests::expand_eval_fixtures_empty_refs_is_empty ... ok
test drivers::brainbench::tests::dated_compressed_capsule_matches_visible_fixture_text ... ok
test drivers::brainbench::tests::filter_by_dimension ... ok
test drivers::brainbench::tests::filter_by_limit ... ok
test drivers::brainbench::tests::filter_by_tier ... ok
test drivers::brainbench::tests::forget_f1_partial_wrong_and_overproposed ... ok
test drivers::brainbench::tests::forget_f1_perfect_and_empty ... ok
test drivers::brainbench::tests::filter_empty_returns_all ... ok
test drivers::brainbench::tests::irrelevant_memory_is_not_perfect_no_answer_retrieval ... ok
test drivers::brainbench::tests::malformed_capsule_summary_is_an_error ... ok
test drivers::brainbench::tests::model_override_survives_new_project_retrieval_preset ... ok
test drivers::brainbench::tests::mrr_first_position ... ok
test drivers::brainbench::tests::mrr_no_relevant_is_zero ... ok
test drivers::brainbench::tests::mrr_second_position ... ok
test drivers::brainbench::tests::pairwise_one_swapped_pair_is_two_thirds ... ok
test drivers::brainbench::tests::pairwise_missing_keys_are_skipped ... ok
test drivers::brainbench::tests::pairwise_perfect_order_is_one ... ok
test drivers::brainbench::tests::normalize_collapses_whitespace_and_case ... ok
test drivers::brainbench::tests::pairwise_tie_is_half ... ok
test drivers::brainbench::tests::pairwise_reversed_order_is_zero ... ok
test drivers::brainbench::tests::recall_empty_relevant_is_one ... ok
test drivers::brainbench::tests::recall_full_and_partial ... ok
test drivers::brainbench::tests::recall_zero_k_or_empty_ranked_is_zero ... ok
test drivers::brainbench::tests::resolution_relevant_absent_is_false ... ok
test drivers::brainbench::tests::report_does_not_let_calibration_volume_hide_failed_retrieval ... ok
test drivers::brainbench::tests::resolution_relevant_outranks_stale ... ok
test drivers::brainbench::tests::resolution_stale_absent_is_true ... ok
test drivers::brainbench::tests::expand_calibration_gen_rejects_tiny_pool ... ok
test drivers::brainbench::tests::retrieval_measurements_disable_unscored_warm_start_for_every_model ... ok
test drivers::brainbench::tests::retrieval_rejects_stale_context_even_below_correct_answer ... ok
test drivers::brainbench::tests::score_dedup_balances_precision_and_recall ... ok
test drivers::brainbench::tests::score_dedup_detects_true_positive ... ok
test drivers::brainbench::tests::score_dedup_no_groups_falls_back_to_zero ... ok
test drivers::beam::tests::load_dataset_accepts_envelope_and_bare_array ... ok
test drivers::brainbench::tests::score_dedup_perfect_precision_no_false_positive ... ok
test drivers::brainbench::tests::stale_empty_is_zero ... ok
test drivers::brainbench::tests::stale_hit_within_and_beyond_k ... ok
test drivers::brainbench::tests::expand_eval_fixtures_one_scenario_per_kind ... ok
test drivers::brainbench::tests::strip_prefix_summary_strips_scope_kind ... ok
test drivers::brainbench::tests::tier_from_str ... ok
test drivers::brainbench::tests::config_base_strips_storage_table_for_clean_backend_switch ... ok
test drivers::brainbench::tests::unknown_capsules_keep_their_rank_and_count_as_injection ... ok
test drivers::brainbench::tests::workflow_abstention_episode ... ok
test drivers::brainbench::tests::workflow_gold_episode_scores_recall ... ok
test drivers::brainbench::tests::workflow_learning_curve_halves ... ok
test drivers::brainbench::tests::expand_calibration_gen_is_deterministic_and_well_formed ... ok
test drivers::brainbench::tests::load_dataset_roundtrips_synthetic_fixture ... ok
test drivers::brainbench::tests::workflow_spec_parses_from_json ... ok
test drivers::brainbench::tests::workflow_stale_gates_gold_score ... ok
test drivers::brainbench::tests::workflow_trap_gate ... ok
test drivers::brainbench::tests::expand_workflow_gen_background_grows_the_haystack ... ok
test drivers::brainbench::tests::write_precision_all_captured_all_on_target ... ok
test drivers::brainbench::tests::write_precision_empty_distilled_precision_one ... ok
test drivers::brainbench::tests::write_precision_empty_gold_recall_one ... ok
test drivers::brainbench::tests::write_precision_offtarget_lesson_lowers_precision ... ok
test drivers::brainbench::tests::write_precision_partial_recall ... ok
test drivers::locomo::tests::category_names_cover_paper_taxonomy ... ok
test drivers::locomo::tests::render_markdown_reports_non_adversarial_slice ... ok
test drivers::longmemeval::tests::build_report_computes_accuracy_correctly ... ok
test drivers::longmemeval::tests::codex_argv_construction ... ok
test drivers::longmemeval::tests::codex_argv_no_model_omits_m_flag ... ok
test drivers::longmemeval::tests::codex_backend_validate_config_ok ... ok
test drivers::longmemeval::tests::codex_judge_prompt_abstention_note ... ok
test drivers::longmemeval::tests::codex_judge_prompt_correct_incorrect_instruction ... ok
test drivers::longmemeval::tests::codex_judge_prompt_preference_rubric ... ok
test drivers::longmemeval::tests::codex_reader_prompt_contains_key_instructions ... ok
test drivers::longmemeval::tests::codex_reader_prompt_includes_date_when_present ... ok
test drivers::longmemeval::tests::filter_by_limit ... ok
test drivers::longmemeval::tests::filter_by_question_type ... ok
test drivers::brainbench::tests::expand_workflow_gen_is_deterministic_and_well_formed ... ok
test drivers::longmemeval::tests::filter_limit_stratifies_across_types ... ok
test drivers::longmemeval::tests::filter_zero_limit_returns_all ... ok
test drivers::longmemeval::tests::heuristic_judge_abstention_correct ... ok
test drivers::longmemeval::tests::heuristic_judge_abstention_incorrect ... ok
test drivers::longmemeval::tests::heuristic_judge_mismatch ... ok
test drivers::longmemeval::tests::heuristic_judge_substring_match ... ok
test drivers::longmemeval::tests::ingest_plan_no_dates_for_single_session ... ok
test drivers::longmemeval::tests::ingest_plan_uses_dates_for_temporal_types ... ok
test drivers::longmemeval::tests::is_abstention_detects_abs_suffix ... ok
test drivers::locomo::tests::limit_samples_round_robin_across_categories ... ok
test drivers::longmemeval::tests::is_abstention_false_for_normal_types ... ok
test drivers::longmemeval::tests::llm_backend_default_is_http ... ok
test drivers::locomo::tests::parses_sessions_turns_and_qa ... ok
test drivers::longmemeval::tests::llm_backend_from_str_roundtrip ... ok
test drivers::longmemeval::tests::no_model_configured_error_message_is_actionable ... ok
test drivers::longmemeval::tests::parse_instance_missing_optional_fields ... ok
test drivers::longmemeval::tests::parse_instance_without_has_answer_defaults_to_false ... ok
test drivers::longmemeval::tests::dry_run_smoke_test_with_synthetic_fixture ... ok
test drivers::longmemeval::tests::parse_minimal_instance_from_json ... ok
test drivers::terminal_bench::tests::capture_wrapper_maps_every_agent_we_actually_run ... ok
test drivers::longmemeval::tests::dry_run_smoke_test_with_codex_backend ... ok
test drivers::terminal_bench::tests::capture_wrapper_refuses_unknown_agent_rather_than_running_uncaptured ... ok
test drivers::terminal_bench::tests::deepswe_named_metrics_are_scored_not_silently_zeroed ... ok
test drivers::terminal_bench::tests::deepswe_zero_reward_stays_a_loss ... ok
test drivers::terminal_bench::tests::merge_mounts_combines_driver_and_extra_args ... ok
test drivers::terminal_bench::tests::merge_mounts_returns_none_when_nothing_to_mount ... ok
test drivers::terminal_bench::tests::merge_mounts_uses_only_extra_when_driver_none ... ok
test drivers::terminal_bench::tests::parse_cost_from_stdout_finds_embedded_cost_line ... ok
test drivers::terminal_bench::tests::parse_cost_from_stdout_returns_none_when_absent ... ok
test drivers::terminal_bench::tests::parse_harbor_result_averages_multiple_evals ... ok
test drivers::terminal_bench::tests::parse_harbor_result_errored_task_surfaces_exception_kinds ... ok
test drivers::terminal_bench::tests::parse_harbor_result_missing_stats_grades_zero ... ok
test drivers::terminal_bench::tests::parse_harbor_result_partial_credit_passes_through ... ok
test drivers::terminal_bench::tests::parse_harbor_result_pass_surfaces_clean_grade ... ok
test drivers::terminal_bench::tests::parse_harbor_result_surfaces_useful_error_on_garbage ... ok
test drivers::terminal_bench::tests::parse_list_tasks_accepts_id_alias ... ok
test drivers::terminal_bench::tests::parse_list_tasks_accepts_task_id_field ... ok
test drivers::terminal_bench::tests::parse_list_tasks_surfaces_useful_error_on_garbage ... ok
test drivers::terminal_bench::tests::parse_tasks_from_dataset_path_errors_on_non_directory ... ok
test drivers::terminal_bench::tests::tail_lossy_returns_whole_string_when_under_limit ... ok
test drivers::terminal_bench::tests::tail_lossy_trims_to_max_with_ellipsis ... ok
test drivers::terminal_bench::tests::terminal_bench_mean_still_takes_precedence ... ok
test setup::auth::tests::to_harbor_args_emits_ae_for_env_tokens ... ok
test setup::auth::tests::to_harbor_args_emits_mounts_for_codex_dir ... ok
test setup::binary::tests::cached_returns_none_when_missing ... ok
test drivers::terminal_bench::tests::missing_or_empty_model_patch_is_distinguishable_from_a_real_patch ... ok
test setup::auth::tests::dotenv_returns_quoted_value_unquoted ... ok
test setup::auth::tests::dotenv_skips_comments_and_blank_lines ... ok
test drivers::terminal_bench::tests::parse_tasks_from_dataset_path_returns_registry_prefixed_ids ... ok
test setup::binary::tests::cached_fresh_when_newer_than_sources ... ok
test setup::binary::tests::cached_stale_when_older_than_sources ... ok
test drivers::beam::tests::dry_run_counts_probes_without_calls ... ok

test result: ok. 131 passed; 0 failed; 0 ignored; 0 measured; 0 filtered out; finished in 0.05s

     Running unittests src\bin\kstress\main.rs (E:/Kimetsu/bench/target\debug\deps\kstress-2bc51bf0390e122d.exe)

running 0 tests

test result: ok. 0 passed; 0 failed; 0 ignored; 0 measured; 0 filtered out; finished in 0.00s

