{
  "generated_at": "2026-09-07T05:55:02.439744Z",
  "dataset": "E:\\tmp\\kimetsu-brain-hardening\\docs\\audits\\2026-09-07-retrieval\\validation-frozen.json",
  "session_configuration": {
    "include_ambient": false,
    "warm_start": false
  },
  "scenarios": [
    {
      "observations": [
        {
          "query": "Which TCP port should I connect to for Copper staging?",
          "ranked": [
            "port"
          ],
          "delivered_capsules": [
            {
              "expansion_handle": "memory:01M1X6X3NNJ5VZ5X50FH82MK7M",
              "id": "01M1X6X5M0SWP7Y5Q7E4ZP51G2",
              "kind": "memory",
              "score": 0.9998394250869752,
              "summary": "project:fact - Copper staging HTTP listener binds TCP port 6319. This is the current configured port for its staging service."
            }
          ],
          "positive_recall_at_4": 1.0,
          "positive_hit_at_4": true,
          "positive_mrr": 1.0,
          "negative_injection": null,
          "stale_injection": false,
          "latency_ms": 1883.5029,
          "first_query": true,
          "server_startup_ms": 73.5735,
          "model_text_bytes": 498,
          "mcp_result_bytes": 579,
          "wire_bytes": 614,
          "reported_used_tokens": 579,
          "working_set_bytes": 631738368,
          "peak_working_set_bytes": 684945408
        },
        {
          "query": "Where should Copper diagnostic logs be written?",
          "ranked": [
            "logs",
            "storage"
          ],
          "delivered_capsules": [
            {
              "expansion_handle": "memory:01M1X6X3P5Y954RYW773ATN8RB",
              "id": "01M1X6X60827RCN3Q5T19MM99S",
              "kind": "memory",
              "score": 0.9978247880935668,
              "summary": "project:fact - Copper diagnostic messages are written to stderr. Stdout is reserved for JSON-RPC protocol messages."
            },
            {
              "expansion_handle": "memory:01M1X6X3QK8NSW5AR6PRD0Z5D6",
              "id": "01M1X6X608N2YKP8FJNTGJKXN2",
              "kind": "memory",
              "score": 0.6390834450721741,
              "summary": "project:fact - Copper stores its local state in SQLite with write-ahead logging enabled. Use WAL mode for its database."
            }
          ],
          "positive_recall_at_4": 1.0,
          "positive_hit_at_4": true,
          "positive_mrr": 1.0,
          "negative_injection": null,
          "stale_injection": null,
          "latency_ms": 378.62050000000005,
          "first_query": false,
          "server_startup_ms": 0.0,
          "model_text_bytes": 754,
          "mcp_result_bytes": 853,
          "wire_bytes": 888,
          "reported_used_tokens": 853,
          "working_set_bytes": 632242176,
          "peak_working_set_bytes": 684945408
        },
        {
          "query": "Which command rolls back Copper to its previous release?",
          "ranked": [
            "rollback"
          ],
          "delivered_capsules": [
            {
              "expansion_handle": "memory:01M1X6X3PG4F88HQ1E7VPTKX60",
              "id": "01M1X6X6C1XPGAE1083W5BR50F",
              "kind": "memory",
              "score": 0.9998852014541626,
              "summary": "project:fact - To roll back Copper to the previous release, run `copperctl rollback --previous` from the deployment workspace."
            }
          ],
          "positive_recall_at_4": 1.0,
          "positive_hit_at_4": true,
          "positive_mrr": 1.0,
          "negative_injection": null,
          "stale_injection": null,
          "latency_ms": 374.528,
          "first_query": false,
          "server_startup_ms": 0.0,
          "model_text_bytes": 499,
          "mcp_result_bytes": 580,
          "wire_bytes": 615,
          "reported_used_tokens": 580,
          "working_set_bytes": 634347520,
          "peak_working_set_bytes": 684945408
        },
        {
          "query": "Which region hosts Copper production?",
          "ranked": [
            "region"
          ],
          "delivered_capsules": [
            {
              "expansion_handle": "memory:01M1X6X3PWK0TRN2V1X9J2JF9G",
              "id": "01M1X6X6Q64SKXVXT9FYYX0Z71",
              "kind": "memory",
              "score": 0.9999468326568604,
              "summary": "project:fact - Copper production runs in region eu-north-1. Its deployment configuration selects this region explicitly."
            }
          ],
          "positive_recall_at_4": 1.0,
          "positive_hit_at_4": true,
          "positive_mrr": 1.0,
          "negative_injection": null,
          "stale_injection": null,
          "latency_ms": 350.43809999999996,
          "first_query": false,
          "server_startup_ms": 0.0,
          "model_text_bytes": 493,
          "mcp_result_bytes": 574,
          "wire_bytes": 609,
          "reported_used_tokens": 574,
          "working_set_bytes": 634515456,
          "peak_working_set_bytes": 684945408
        },
        {
          "query": "At what UTC time do daily Copper database backups start?",
          "ranked": [
            "backup"
          ],
          "delivered_capsules": [
            {
              "expansion_handle": "memory:01M1X6X3Q8R53H7YCH0RQDV84F",
              "id": "01M1X6X72CSY9YWWYNJVR4ZBNP",
              "kind": "memory",
              "score": 0.9999791383743286,
              "summary": "project:fact - Copper daily database backups start at 02:40 UTC. The backup job runs once per day."
            }
          ],
          "positive_recall_at_4": 1.0,
          "positive_hit_at_4": true,
          "positive_mrr": 1.0,
          "negative_injection": null,
          "stale_injection": null,
          "latency_ms": 360.62129999999996,
          "first_query": false,
          "server_startup_ms": 0.0,
          "model_text_bytes": 471,
          "mcp_result_bytes": 552,
          "wire_bytes": 587,
          "reported_used_tokens": 552,
          "working_set_bytes": 634900480,
          "peak_working_set_bytes": 684945408
        },
        {
          "query": "Which database and journal mode does Copper use for local state?",
          "ranked": [
            "storage"
          ],
          "delivered_capsules": [
            {
              "expansion_handle": "memory:01M1X6X3QK8NSW5AR6PRD0Z5D6",
              "id": "01M1X6X7DS0GEJ916AV0QPJPSC",
              "kind": "memory",
              "score": 0.9999594688415528,
              "summary": "project:fact - Copper stores its local state in SQLite with write-ahead logging enabled. Use WAL mode for its database."
            }
          ],
          "positive_recall_at_4": 1.0,
          "positive_hit_at_4": true,
          "positive_mrr": 1.0,
          "negative_injection": null,
          "stale_injection": null,
          "latency_ms": 370.178,
          "first_query": false,
          "server_startup_ms": 0.0,
          "model_text_bytes": 492,
          "mcp_result_bytes": 573,
          "wire_bytes": 608,
          "reported_used_tokens": 573,
          "working_set_bytes": 635052032,
          "peak_working_set_bytes": 684945408
        },
        {
          "query": "¿A qué puerto TCP debo conectarme para staging de Copper?",
          "ranked": [
            "port"
          ],
          "delivered_capsules": [
            {
              "expansion_handle": "memory:01M1X6X3NNJ5VZ5X50FH82MK7M",
              "id": "01M1X6X7SEDR7RMZKZSHYGXZ42",
              "kind": "memory",
              "score": 0.9998682737350464,
              "summary": "project:fact - Copper staging HTTP listener binds TCP port 6319. This is the current configured port for its staging service."
            }
          ],
          "positive_recall_at_4": 1.0,
          "positive_hit_at_4": true,
          "positive_mrr": 1.0,
          "negative_injection": null,
          "stale_injection": false,
          "latency_ms": 370.764,
          "first_query": false,
          "server_startup_ms": 0.0,
          "model_text_bytes": 498,
          "mcp_result_bytes": 579,
          "wire_bytes": 614,
          "reported_used_tokens": 579,
          "working_set_bytes": 637345792,
          "peak_working_set_bytes": 684945408
        },
        {
          "query": "¿Dónde deben escribirse los mensajes de diagnóstico de Copper?",
          "ranked": [
            "logs"
          ],
          "delivered_capsules": [
            {
              "expansion_handle": "memory:01M1X6X3P5Y954RYW773ATN8RB",
              "id": "01M1X6X84PKT9ZJR55REWY2REQ",
              "kind": "memory",
              "score": 0.9995033740997314,
              "summary": "project:fact - Copper diagnostic messages are written to stderr. Stdout is reserved for JSON-RPC protocol messages."
            }
          ],
          "positive_recall_at_4": 1.0,
          "positive_hit_at_4": true,
          "positive_mrr": 1.0,
          "negative_injection": null,
          "stale_injection": null,
          "latency_ms": 360.773,
          "first_query": false,
          "server_startup_ms": 0.0,
          "model_text_bytes": 488,
          "mcp_result_bytes": 569,
          "wire_bytes": 604,
          "reported_used_tokens": 569,
          "working_set_bytes": 637710336,
          "peak_working_set_bytes": 684945408
        },
        {
          "query": "¿Qué comando revierte Copper a la versión anterior?",
          "ranked": [
            "rollback"
          ],
          "delivered_capsules": [
            {
              "expansion_handle": "memory:01M1X6X3PG4F88HQ1E7VPTKX60",
              "id": "01M1X6X8G033SG4R9CE13A9KQF",
              "kind": "memory",
              "score": 0.9887914657592772,
              "summary": "project:fact - To roll back Copper to the previous release, run `copperctl rollback --previous` from the deployment workspace."
            }
          ],
          "positive_recall_at_4": 1.0,
          "positive_hit_at_4": true,
          "positive_mrr": 1.0,
          "negative_injection": null,
          "stale_injection": null,
          "latency_ms": 357.7917,
          "first_query": false,
          "server_startup_ms": 0.0,
          "model_text_bytes": 499,
          "mcp_result_bytes": 580,
          "wire_bytes": 616,
          "reported_used_tokens": 580,
          "working_set_bytes": 637755392,
          "peak_working_set_bytes": 684945408
        },
        {
          "query": "¿En qué región está desplegado Copper en producción?",
          "ranked": [
            "region"
          ],
          "delivered_capsules": [
            {
              "expansion_handle": "memory:01M1X6X3PWK0TRN2V1X9J2JF9G",
              "id": "01M1X6X8V1E11G1DZRHVNYR43F",
              "kind": "memory",
              "score": 0.9999468326568604,
              "summary": "project:fact - Copper production runs in region eu-north-1. Its deployment configuration selects this region explicitly."
            }
          ],
          "positive_recall_at_4": 1.0,
          "positive_hit_at_4": true,
          "positive_mrr": 1.0,
          "negative_injection": null,
          "stale_injection": null,
          "latency_ms": 353.02549999999997,
          "first_query": false,
          "server_startup_ms": 0.0,
          "model_text_bytes": 493,
          "mcp_result_bytes": 574,
          "wire_bytes": 610,
          "reported_used_tokens": 574,
          "working_set_bytes": 637890560,
          "peak_working_set_bytes": 684945408
        },
        {
          "query": "¿A qué hora UTC empiezan las copias diarias de la base de datos de Copper?",
          "ranked": [
            "backup"
          ],
          "delivered_capsules": [
            {
              "expansion_handle": "memory:01M1X6X3Q8R53H7YCH0RQDV84F",
              "id": "01M1X6X96GN5V1TCN5WBJP40TB",
              "kind": "memory",
              "score": 0.9999747276306152,
              "summary": "project:fact - Copper daily database backups start at 02:40 UTC. The backup job runs once per day."
            }
          ],
          "positive_recall_at_4": 1.0,
          "positive_hit_at_4": true,
          "positive_mrr": 1.0,
          "negative_injection": null,
          "stale_injection": null,
          "latency_ms": 372.13960000000003,
          "first_query": false,
          "server_startup_ms": 0.0,
          "model_text_bytes": 471,
          "mcp_result_bytes": 552,
          "wire_bytes": 588,
          "reported_used_tokens": 552,
          "working_set_bytes": 638185472,
          "peak_working_set_bytes": 684945408
        },
        {
          "query": "¿Qué base de datos y modo de registro usa Copper para guardar el estado local?",
          "ranked": [
            "storage"
          ],
          "delivered_capsules": [
            {
              "expansion_handle": "memory:01M1X6X3QK8NSW5AR6PRD0Z5D6",
              "id": "01M1X6X9HQQ85WM4MPA3M888JT",
              "kind": "memory",
              "score": 0.9983224272727966,
              "summary": "project:fact - Copper stores its local state in SQLite with write-ahead logging enabled. Use WAL mode for its database."
            }
          ],
          "positive_recall_at_4": 1.0,
          "positive_hit_at_4": true,
          "positive_mrr": 1.0,
          "negative_injection": null,
          "stale_injection": null,
          "latency_ms": 357.43789999999996,
          "first_query": false,
          "server_startup_ms": 0.0,
          "model_text_bytes": 492,
          "mcp_result_bytes": 573,
          "wire_bytes": 609,
          "reported_used_tokens": 573,
          "working_set_bytes": 638291968,
          "peak_working_set_bytes": 684945408
        },
        {
          "query": "What authentication password is configured for the Copper staging listener?",
          "ranked": [],
          "positive_recall_at_4": null,
          "positive_hit_at_4": null,
          "positive_mrr": null,
          "negative_injection": false,
          "stale_injection": null,
          "latency_ms": 359.9212,
          "first_query": false,
          "server_startup_ms": 0.0,
          "model_text_bytes": 226,
          "mcp_result_bytes": 289,
          "wire_bytes": 325,
          "reported_used_tokens": 289,
          "working_set_bytes": 638402560,
          "peak_working_set_bytes": 684945408
        },
        {
          "query": "What encryption key protects the Copper database backups?",
          "ranked": [],
          "positive_recall_at_4": null,
          "positive_hit_at_4": null,
          "positive_mrr": null,
          "negative_injection": false,
          "stale_injection": null,
          "latency_ms": 352.8064,
          "first_query": false,
          "server_startup_ms": 0.0,
          "model_text_bytes": 226,
          "mcp_result_bytes": 289,
          "wire_bytes": 325,
          "reported_used_tokens": 289,
          "working_set_bytes": 644169728,
          "peak_working_set_bytes": 684945408
        },
        {
          "query": "How many production replicas run in the Copper deployment region?",
          "ranked": [],
          "positive_recall_at_4": null,
          "positive_hit_at_4": null,
          "positive_mrr": null,
          "negative_injection": false,
          "stale_injection": null,
          "latency_ms": 373.1592,
          "first_query": false,
          "server_startup_ms": 0.0,
          "model_text_bytes": 226,
          "mcp_result_bytes": 289,
          "wire_bytes": 325,
          "reported_used_tokens": 289,
          "working_set_bytes": 644177920,
          "peak_working_set_bytes": 684945408
        },
        {
          "query": "¿Qué contraseña exige el servidor de staging de Copper?",
          "ranked": [],
          "positive_recall_at_4": null,
          "positive_hit_at_4": null,
          "positive_mrr": null,
          "negative_injection": false,
          "stale_injection": null,
          "latency_ms": 379.70939999999996,
          "first_query": false,
          "server_startup_ms": 0.0,
          "model_text_bytes": 226,
          "mcp_result_bytes": 289,
          "wire_bytes": 325,
          "reported_used_tokens": 289,
          "working_set_bytes": 644222976,
          "peak_working_set_bytes": 684945408
        },
        {
          "query": "¿Cuántos días se conservan las copias de seguridad de Copper?",
          "ranked": [],
          "positive_recall_at_4": null,
          "positive_hit_at_4": null,
          "positive_mrr": null,
          "negative_injection": false,
          "stale_injection": null,
          "latency_ms": 360.5999,
          "first_query": false,
          "server_startup_ms": 0.0,
          "model_text_bytes": 226,
          "mcp_result_bytes": 289,
          "wire_bytes": 325,
          "reported_used_tokens": 289,
          "working_set_bytes": 644575232,
          "peak_working_set_bytes": 684945408
        },
        {
          "query": "¿Qué versión de SQLite requiere Copper?",
          "ranked": [],
          "positive_recall_at_4": null,
          "positive_hit_at_4": null,
          "positive_mrr": null,
          "negative_injection": false,
          "stale_injection": null,
          "latency_ms": 352.8018,
          "first_query": false,
          "server_startup_ms": 0.0,
          "model_text_bytes": 226,
          "mcp_result_bytes": 289,
          "wire_bytes": 325,
          "reported_used_tokens": 289,
          "working_set_bytes": 644595712,
          "peak_working_set_bytes": 684945408
        }
      ],
      "id": "copper-unseen-project",
      "dimension": "retrieval",
      "tier": "hard",
      "score": 1.0,
      "skipped": false,
      "detail": "positive-recall@4=1.00 mrr=1.00 stale-hit=0.000 (n=2) resolution=1.000 (n=2) false-injection=0.000 (n=6) positive-n=12 negative-n=6 (18 queries)"
    },
    {
      "observations": [
        {
          "query": "Which TCP port should I connect to for Willow staging?",
          "ranked": [
            "port"
          ],
          "delivered_capsules": [
            {
              "expansion_handle": "memory:01M1X6XD2VGTMJTPW3X02ZCKY7",
              "id": "01M1X6XEX9ZETSNJASMCSD3JQT",
              "kind": "memory",
              "score": 0.9999420642852784,
              "summary": "project:fact - Willow staging HTTP listener binds TCP port 7421. This is the current configured port for its staging service."
            }
          ],
          "positive_recall_at_4": 1.0,
          "positive_hit_at_4": true,
          "positive_mrr": 1.0,
          "negative_injection": null,
          "stale_injection": false,
          "latency_ms": 1797.8110000000001,
          "first_query": true,
          "server_startup_ms": 78.7194,
          "model_text_bytes": 498,
          "mcp_result_bytes": 579,
          "wire_bytes": 614,
          "reported_used_tokens": 579,
          "working_set_bytes": 635105280,
          "peak_working_set_bytes": 684879872
        },
        {
          "query": "Where should Willow diagnostic logs be written?",
          "ranked": [
            "logs",
            "storage"
          ],
          "delivered_capsules": [
            {
              "expansion_handle": "memory:01M1X6XD3CG3X6TZSH5Q8S53K1",
              "id": "01M1X6XF8MND0EZG32TP1YPY1K",
              "kind": "memory",
              "score": 0.9971635937690736,
              "summary": "project:fact - Willow diagnostic messages are written to stderr. Stdout is reserved for JSON-RPC protocol messages."
            },
            {
              "expansion_handle": "memory:01M1X6XD4X69X1VHSS2AKWX55H",
              "id": "01M1X6XF8MZ78NWGNPE17S30J8",
              "kind": "memory",
              "score": 0.8971153497695923,
              "summary": "project:fact - Willow stores its local state in SQLite with write-ahead logging enabled. Use WAL mode for its database."
            }
          ],
          "positive_recall_at_4": 1.0,
          "positive_hit_at_4": true,
          "positive_mrr": 1.0,
          "negative_injection": null,
          "stale_injection": null,
          "latency_ms": 352.9713,
          "first_query": false,
          "server_startup_ms": 0.0,
          "model_text_bytes": 754,
          "mcp_result_bytes": 853,
          "wire_bytes": 888,
          "reported_used_tokens": 853,
          "working_set_bytes": 635588608,
          "peak_working_set_bytes": 684879872
        },
        {
          "query": "Which command rolls back Willow to its previous release?",
          "ranked": [
            "rollback"
          ],
          "delivered_capsules": [
            {
              "expansion_handle": "memory:01M1X6XD3SG64YZRJ5269S9EAD",
              "id": "01M1X6XFKTVVJ82B5AD7BMG03V",
              "kind": "memory",
              "score": 0.9998542070388794,
              "summary": "project:fact - To roll back Willow to the previous release, run `willowctl rollback --previous` from the deployment workspace."
            }
          ],
          "positive_recall_at_4": 1.0,
          "positive_hit_at_4": true,
          "positive_mrr": 1.0,
          "negative_injection": null,
          "stale_injection": null,
          "latency_ms": 387.6426,
          "first_query": false,
          "server_startup_ms": 0.0,
          "model_text_bytes": 499,
          "mcp_result_bytes": 580,
          "wire_bytes": 615,
          "reported_used_tokens": 580,
          "working_set_bytes": 637579264,
          "peak_working_set_bytes": 684879872
        },
        {
          "query": "Which region hosts Willow production?",
          "ranked": [
            "region"
          ],
          "delivered_capsules": [
            {
              "expansion_handle": "memory:01M1X6XD4530FQAWBFEEKWHR9D",
              "id": "01M1X6XGSM6QN70SYZAYPZHPCA",
              "kind": "memory",
              "score": 0.9999713897705078,
              "summary": "project:fact - Willow production runs in region us-west-2. Its deployment configuration selects this region explicitly."
            }
          ],
          "positive_recall_at_4": 1.0,
          "positive_hit_at_4": true,
          "positive_mrr": 1.0,
          "negative_injection": null,
          "stale_injection": null,
          "latency_ms": 1174.5757999999998,
          "first_query": false,
          "server_startup_ms": 0.0,
          "model_text_bytes": 492,
          "mcp_result_bytes": 573,
          "wire_bytes": 608,
          "reported_used_tokens": 573,
          "working_set_bytes": 637612032,
          "peak_working_set_bytes": 684879872
        },
        {
          "query": "At what UTC time do daily Willow database backups start?",
          "ranked": [
            "backup"
          ],
          "delivered_capsules": [
            {
              "expansion_handle": "memory:01M1X6XD4HWE7BESKQ4CF5BP1T",
              "id": "01M1X6XH4J9PFDKCF6ARQCANBN",
              "kind": "memory",
              "score": 0.9999792575836182,
              "summary": "project:fact - Willow daily database backups start at 04:15 UTC. The backup job runs once per day."
            }
          ],
          "positive_recall_at_4": 1.0,
          "positive_hit_at_4": true,
          "positive_mrr": 1.0,
          "negative_injection": null,
          "stale_injection": null,
          "latency_ms": 582.992,
          "first_query": false,
          "server_startup_ms": 0.0,
          "model_text_bytes": 471,
          "mcp_result_bytes": 552,
          "wire_bytes": 587,
          "reported_used_tokens": 552,
          "working_set_bytes": 637833216,
          "peak_working_set_bytes": 684879872
        },
        {
          "query": "Which database and journal mode does Willow use for local state?",
          "ranked": [
            "storage"
          ],
          "delivered_capsules": [
            {
              "expansion_handle": "memory:01M1X6XD4X69X1VHSS2AKWX55H",
              "id": "01M1X6XHPR2DAAE5ZYZSSAHHZM",
              "kind": "memory",
              "score": 0.9999637603759766,
              "summary": "project:fact - Willow stores its local state in SQLite with write-ahead logging enabled. Use WAL mode for its database."
            }
          ],
          "positive_recall_at_4": 1.0,
          "positive_hit_at_4": true,
          "positive_mrr": 1.0,
          "negative_injection": null,
          "stale_injection": null,
          "latency_ms": 426.6592,
          "first_query": false,
          "server_startup_ms": 0.0,
          "model_text_bytes": 492,
          "mcp_result_bytes": 573,
          "wire_bytes": 608,
          "reported_used_tokens": 573,
          "working_set_bytes": 637853696,
          "peak_working_set_bytes": 684879872
        },
        {
          "query": "¿A qué puerto TCP debo conectarme para staging de Willow?",
          "ranked": [
            "port"
          ],
          "delivered_capsules": [
            {
              "expansion_handle": "memory:01M1X6XD2VGTMJTPW3X02ZCKY7",
              "id": "01M1X6XJ45DQGTJ0FM07K03C6C",
              "kind": "memory",
              "score": 0.9999486207962036,
              "summary": "project:fact - Willow staging HTTP listener binds TCP port 7421. This is the current configured port for its staging service."
            }
          ],
          "positive_recall_at_4": 1.0,
          "positive_hit_at_4": true,
          "positive_mrr": 1.0,
          "negative_injection": null,
          "stale_injection": false,
          "latency_ms": 509.51239999999996,
          "first_query": false,
          "server_startup_ms": 0.0,
          "model_text_bytes": 498,
          "mcp_result_bytes": 579,
          "wire_bytes": 614,
          "reported_used_tokens": 579,
          "working_set_bytes": 640262144,
          "peak_working_set_bytes": 684879872
        },
        {
          "query": "¿Dónde deben escribirse los mensajes de diagnóstico de Willow?",
          "ranked": [
            "logs"
          ],
          "delivered_capsules": [
            {
              "expansion_handle": "memory:01M1X6XD3CG3X6TZSH5Q8S53K1",
              "id": "01M1X6XJZH0GKS9S7CZ8RV0T9K",
              "kind": "memory",
              "score": 0.9996838569641112,
              "summary": "project:fact - Willow diagnostic messages are written to stderr. Stdout is reserved for JSON-RPC protocol messages."
            }
          ],
          "positive_recall_at_4": 1.0,
          "positive_hit_at_4": true,
          "positive_mrr": 1.0,
          "negative_injection": null,
          "stale_injection": null,
          "latency_ms": 799.9312,
          "first_query": false,
          "server_startup_ms": 0.0,
          "model_text_bytes": 488,
          "mcp_result_bytes": 569,
          "wire_bytes": 604,
          "reported_used_tokens": 569,
          "working_set_bytes": 640577536,
          "peak_working_set_bytes": 684879872
        },
        {
          "query": "¿Qué comando revierte Willow a la versión anterior?",
          "ranked": [
            "rollback"
          ],
          "delivered_capsules": [
            {
              "expansion_handle": "memory:01M1X6XD3SG64YZRJ5269S9EAD",
              "id": "01M1X6XKD24PZR4EJT7FN9RPW2",
              "kind": "memory",
              "score": 0.98951655626297,
              "summary": "project:fact - To roll back Willow to the previous release, run `willowctl rollback --previous` from the deployment workspace."
            }
          ],
          "positive_recall_at_4": 1.0,
          "positive_hit_at_4": true,
          "positive_mrr": 1.0,
          "negative_injection": null,
          "stale_injection": null,
          "latency_ms": 356.601,
          "first_query": false,
          "server_startup_ms": 0.0,
          "model_text_bytes": 497,
          "mcp_result_bytes": 578,
          "wire_bytes": 614,
          "reported_used_tokens": 578,
          "working_set_bytes": 640663552,
          "peak_working_set_bytes": 684879872
        },
        {
          "query": "¿En qué región está desplegado Willow en producción?",
          "ranked": [
            "region"
          ],
          "delivered_capsules": [
            {
              "expansion_handle": "memory:01M1X6XD4530FQAWBFEEKWHR9D",
              "id": "01M1X6XKR65B2Q0ZKS2BRA01JS",
              "kind": "memory",
              "score": 0.9999579191207886,
              "summary": "project:fact - Willow production runs in region us-west-2. Its deployment configuration selects this region explicitly."
            }
          ],
          "positive_recall_at_4": 1.0,
          "positive_hit_at_4": true,
          "positive_mrr": 1.0,
          "negative_injection": null,
          "stale_injection": null,
          "latency_ms": 511.5941,
          "first_query": false,
          "server_startup_ms": 0.0,
          "model_text_bytes": 492,
          "mcp_result_bytes": 573,
          "wire_bytes": 609,
          "reported_used_tokens": 573,
          "working_set_bytes": 640761856,
          "peak_working_set_bytes": 684879872
        },
        {
          "query": "¿A qué hora UTC empiezan las copias diarias de la base de datos de Willow?",
          "ranked": [
            "backup"
          ],
          "delivered_capsules": [
            {
              "expansion_handle": "memory:01M1X6XD4HWE7BESKQ4CF5BP1T",
              "id": "01M1X6XM88A82148ZMAX1DT86P",
              "kind": "memory",
              "score": 0.99997878074646,
              "summary": "project:fact - Willow daily database backups start at 04:15 UTC. The backup job runs once per day."
            }
          ],
          "positive_recall_at_4": 1.0,
          "positive_hit_at_4": true,
          "positive_mrr": 1.0,
          "negative_injection": null,
          "stale_injection": null,
          "latency_ms": 530.131,
          "first_query": false,
          "server_startup_ms": 0.0,
          "model_text_bytes": 469,
          "mcp_result_bytes": 550,
          "wire_bytes": 586,
          "reported_used_tokens": 550,
          "working_set_bytes": 641073152,
          "peak_working_set_bytes": 684879872
        },
        {
          "query": "¿Qué base de datos y modo de registro usa Willow para guardar el estado local?",
          "ranked": [
            "storage"
          ],
          "delivered_capsules": [
            {
              "expansion_handle": "memory:01M1X6XD4X69X1VHSS2AKWX55H",
              "id": "01M1X6XMRZMAFTN3BJZCYRY1YC",
              "kind": "memory",
              "score": 0.999204695224762,
              "summary": "project:fact - Willow stores its local state in SQLite with write-ahead logging enabled. Use WAL mode for its database."
            }
          ],
          "positive_recall_at_4": 1.0,
          "positive_hit_at_4": true,
          "positive_mrr": 1.0,
          "negative_injection": null,
          "stale_injection": null,
          "latency_ms": 466.5879,
          "first_query": false,
          "server_startup_ms": 0.0,
          "model_text_bytes": 491,
          "mcp_result_bytes": 572,
          "wire_bytes": 608,
          "reported_used_tokens": 572,
          "working_set_bytes": 641175552,
          "peak_working_set_bytes": 684879872
        },
        {
          "query": "What authentication password is configured for the Willow staging listener?",
          "ranked": [],
          "positive_recall_at_4": null,
          "positive_hit_at_4": null,
          "positive_mrr": null,
          "negative_injection": false,
          "stale_injection": null,
          "latency_ms": 773.0234,
          "first_query": false,
          "server_startup_ms": 0.0,
          "model_text_bytes": 226,
          "mcp_result_bytes": 289,
          "wire_bytes": 325,
          "reported_used_tokens": 289,
          "working_set_bytes": 641261568,
          "peak_working_set_bytes": 684879872
        },
        {
          "query": "What encryption key protects the Willow database backups?",
          "ranked": [],
          "positive_recall_at_4": null,
          "positive_hit_at_4": null,
          "positive_mrr": null,
          "negative_injection": false,
          "stale_injection": null,
          "latency_ms": 435.5034,
          "first_query": false,
          "server_startup_ms": 0.0,
          "model_text_bytes": 226,
          "mcp_result_bytes": 289,
          "wire_bytes": 325,
          "reported_used_tokens": 289,
          "working_set_bytes": 647110656,
          "peak_working_set_bytes": 684879872
        },
        {
          "query": "How many production replicas run in the Willow deployment region?",
          "ranked": [],
          "positive_recall_at_4": null,
          "positive_hit_at_4": null,
          "positive_mrr": null,
          "negative_injection": false,
          "stale_injection": null,
          "latency_ms": 662.1342,
          "first_query": false,
          "server_startup_ms": 0.0,
          "model_text_bytes": 226,
          "mcp_result_bytes": 289,
          "wire_bytes": 325,
          "reported_used_tokens": 289,
          "working_set_bytes": 647208960,
          "peak_working_set_bytes": 684879872
        },
        {
          "query": "¿Qué contraseña exige el servidor de staging de Willow?",
          "ranked": [],
          "positive_recall_at_4": null,
          "positive_hit_at_4": null,
          "positive_mrr": null,
          "negative_injection": false,
          "stale_injection": null,
          "latency_ms": 356.422,
          "first_query": false,
          "server_startup_ms": 0.0,
          "model_text_bytes": 226,
          "mcp_result_bytes": 289,
          "wire_bytes": 325,
          "reported_used_tokens": 289,
          "working_set_bytes": 647319552,
          "peak_working_set_bytes": 684879872
        },
        {
          "query": "¿Cuántos días se conservan las copias de seguridad de Willow?",
          "ranked": [],
          "positive_recall_at_4": null,
          "positive_hit_at_4": null,
          "positive_mrr": null,
          "negative_injection": false,
          "stale_injection": null,
          "latency_ms": 365.8991,
          "first_query": false,
          "server_startup_ms": 0.0,
          "model_text_bytes": 226,
          "mcp_result_bytes": 289,
          "wire_bytes": 325,
          "reported_used_tokens": 289,
          "working_set_bytes": 647499776,
          "peak_working_set_bytes": 684879872
        },
        {
          "query": "¿Qué versión de SQLite requiere Willow?",
          "ranked": [],
          "positive_recall_at_4": null,
          "positive_hit_at_4": null,
          "positive_mrr": null,
          "negative_injection": false,
          "stale_injection": null,
          "latency_ms": 597.4815,
          "first_query": false,
          "server_startup_ms": 0.0,
          "model_text_bytes": 226,
          "mcp_result_bytes": 289,
          "wire_bytes": 325,
          "reported_used_tokens": 289,
          "working_set_bytes": 647507968,
          "peak_working_set_bytes": 684879872
        }
      ],
      "id": "willow-unseen-project",
      "dimension": "retrieval",
      "tier": "hard",
      "score": 1.0,
      "skipped": false,
      "detail": "positive-recall@4=1.00 mrr=1.00 stale-hit=0.000 (n=2) resolution=1.000 (n=2) false-injection=0.000 (n=6) positive-n=12 negative-n=6 (18 queries)"
    },
    {
      "observations": [
        {
          "query": "Which TCP port should I connect to for Marble staging?",
          "ranked": [
            "port"
          ],
          "delivered_capsules": [
            {
              "expansion_handle": "memory:01M1X6XTQNED9YAVHNM15TKWEW",
              "id": "01M1X6XWJHKXKEWEZVQVEJ5PHV",
              "kind": "memory",
              "score": 0.9996737241744996,
              "summary": "project:fact - Marble staging HTTP listener binds TCP port 8533. This is the current configured port for its staging service."
            }
          ],
          "positive_recall_at_4": 1.0,
          "positive_hit_at_4": true,
          "positive_mrr": 1.0,
          "negative_injection": null,
          "stale_injection": false,
          "latency_ms": 1791.9889,
          "first_query": true,
          "server_startup_ms": 73.4707,
          "model_text_bytes": 498,
          "mcp_result_bytes": 579,
          "wire_bytes": 614,
          "reported_used_tokens": 579,
          "working_set_bytes": 635297792,
          "peak_working_set_bytes": 684945408
        },
        {
          "query": "Where should Marble diagnostic logs be written?",
          "ranked": [
            "logs",
            "storage"
          ],
          "delivered_capsules": [
            {
              "expansion_handle": "memory:01M1X6XTR72YBJ4PB7PQZ3J8HR",
              "id": "01M1X6XWXTRNT2ASC0BRV82PYK",
              "kind": "memory",
              "score": 0.9971815347671508,
              "summary": "project:fact - Marble diagnostic messages are written to stderr. Stdout is reserved for JSON-RPC protocol messages."
            },
            {
              "expansion_handle": "memory:01M1X6XTSPW7WY7P8JJF27R42C",
              "id": "01M1X6XWXT0JS2V5HCYTA41S47",
              "kind": "memory",
              "score": 0.6012999415397644,
              "summary": "project:fact - Marble stores its local state in SQLite with write-ahead logging enabled. Use WAL mode for its database."
            }
          ],
          "positive_recall_at_4": 1.0,
          "positive_hit_at_4": true,
          "positive_mrr": 1.0,
          "negative_injection": null,
          "stale_injection": null,
          "latency_ms": 349.1746,
          "first_query": false,
          "server_startup_ms": 0.0,
          "model_text_bytes": 754,
          "mcp_result_bytes": 853,
          "wire_bytes": 888,
          "reported_used_tokens": 853,
          "working_set_bytes": 635752448,
          "peak_working_set_bytes": 684945408
        },
        {
          "query": "Which command rolls back Marble to its previous release?",
          "ranked": [
            "rollback"
          ],
          "delivered_capsules": [
            {
              "expansion_handle": "memory:01M1X6XTRK6X63J00C620VH1FQ",
              "id": "01M1X6XX8RM3GKS2H1C1DM7E36",
              "kind": "memory",
              "score": 0.9997585415840148,
              "summary": "project:fact - To roll back Marble to the previous release, run `marblectl rollback --previous` from the deployment workspace."
            }
          ],
          "positive_recall_at_4": 1.0,
          "positive_hit_at_4": true,
          "positive_mrr": 1.0,
          "negative_injection": null,
          "stale_injection": null,
          "latency_ms": 357.39500000000004,
          "first_query": false,
          "server_startup_ms": 0.0,
          "model_text_bytes": 499,
          "mcp_result_bytes": 580,
          "wire_bytes": 615,
          "reported_used_tokens": 580,
          "working_set_bytes": 637992960,
          "peak_working_set_bytes": 684945408
        },
        {
          "query": "Which region hosts Marble production?",
          "ranked": [
            "region"
          ],
          "delivered_capsules": [
            {
              "expansion_handle": "memory:01M1X6XTRYY3705RAMVH6MM50M",
              "id": "01M1X6XXKWZ3S1RZTK4XM0YY3A",
              "kind": "memory",
              "score": 0.999954104423523,
              "summary": "project:fact - Marble production runs in region ap-south-1. Its deployment configuration selects this region explicitly."
            }
          ],
          "positive_recall_at_4": 1.0,
          "positive_hit_at_4": true,
          "positive_mrr": 1.0,
          "negative_injection": null,
          "stale_injection": null,
          "latency_ms": 349.84409999999997,
          "first_query": false,
          "server_startup_ms": 0.0,
          "model_text_bytes": 492,
          "mcp_result_bytes": 573,
          "wire_bytes": 608,
          "reported_used_tokens": 573,
          "working_set_bytes": 638017536,
          "peak_working_set_bytes": 684945408
        },
        {
          "query": "At what UTC time do daily Marble database backups start?",
          "ranked": [
            "backup"
          ],
          "delivered_capsules": [
            {
              "expansion_handle": "memory:01M1X6XTSA31QBTC5584FRZ438",
              "id": "01M1X6XXZ1GZYTSR28BS75CQ45",
              "kind": "memory",
              "score": 0.999979853630066,
              "summary": "project:fact - Marble daily database backups start at 01:25 UTC. The backup job runs once per day."
            }
          ],
          "positive_recall_at_4": 1.0,
          "positive_hit_at_4": true,
          "positive_mrr": 1.0,
          "negative_injection": null,
          "stale_injection": null,
          "latency_ms": 356.9635,
          "first_query": false,
          "server_startup_ms": 0.0,
          "model_text_bytes": 471,
          "mcp_result_bytes": 552,
          "wire_bytes": 587,
          "reported_used_tokens": 552,
          "working_set_bytes": 638238720,
          "peak_working_set_bytes": 684945408
        },
        {
          "query": "Which database and journal mode does Marble use for local state?",
          "ranked": [
            "storage"
          ],
          "delivered_capsules": [
            {
              "expansion_handle": "memory:01M1X6XTSPW7WY7P8JJF27R42C",
              "id": "01M1X6XYA18PD4Q2CZ4Y01NCVP",
              "kind": "memory",
              "score": 0.9999568462371826,
              "summary": "project:fact - Marble stores its local state in SQLite with write-ahead logging enabled. Use WAL mode for its database."
            }
          ],
          "positive_recall_at_4": 1.0,
          "positive_hit_at_4": true,
          "positive_mrr": 1.0,
          "negative_injection": null,
          "stale_injection": null,
          "latency_ms": 352.7874,
          "first_query": false,
          "server_startup_ms": 0.0,
          "model_text_bytes": 492,
          "mcp_result_bytes": 573,
          "wire_bytes": 608,
          "reported_used_tokens": 573,
          "working_set_bytes": 638349312,
          "peak_working_set_bytes": 684945408
        },
        {
          "query": "¿A qué puerto TCP debo conectarme para staging de Marble?",
          "ranked": [
            "port"
          ],
          "delivered_capsules": [
            {
              "expansion_handle": "memory:01M1X6XTQNED9YAVHNM15TKWEW",
              "id": "01M1X6XYNA5010MGK5164CHY1M",
              "kind": "memory",
              "score": 0.9998871088027954,
              "summary": "project:fact - Marble staging HTTP listener binds TCP port 8533. This is the current configured port for its staging service."
            }
          ],
          "positive_recall_at_4": 1.0,
          "positive_hit_at_4": true,
          "positive_mrr": 1.0,
          "negative_injection": null,
          "stale_injection": false,
          "latency_ms": 364.5638,
          "first_query": false,
          "server_startup_ms": 0.0,
          "model_text_bytes": 498,
          "mcp_result_bytes": 579,
          "wire_bytes": 614,
          "reported_used_tokens": 579,
          "working_set_bytes": 640847872,
          "peak_working_set_bytes": 684945408
        },
        {
          "query": "¿Dónde deben escribirse los mensajes de diagnóstico de Marble?",
          "ranked": [
            "logs"
          ],
          "delivered_capsules": [
            {
              "expansion_handle": "memory:01M1X6XTR72YBJ4PB7PQZ3J8HR",
              "id": "01M1X6XZ0QC8B80CXHKD841EGT",
              "kind": "memory",
              "score": 0.9992142915725708,
              "summary": "project:fact - Marble diagnostic messages are written to stderr. Stdout is reserved for JSON-RPC protocol messages."
            }
          ],
          "positive_recall_at_4": 1.0,
          "positive_hit_at_4": true,
          "positive_mrr": 1.0,
          "negative_injection": null,
          "stale_injection": null,
          "latency_ms": 367.2181,
          "first_query": false,
          "server_startup_ms": 0.0,
          "model_text_bytes": 488,
          "mcp_result_bytes": 569,
          "wire_bytes": 604,
          "reported_used_tokens": 569,
          "working_set_bytes": 641118208,
          "peak_working_set_bytes": 684945408
        },
        {
          "query": "¿Qué comando revierte Marble a la versión anterior?",
          "ranked": [
            "rollback"
          ],
          "delivered_capsules": [
            {
              "expansion_handle": "memory:01M1X6XTRK6X63J00C620VH1FQ",
              "id": "01M1X6XZCS1MD6ZGJM2JEPVH3J",
              "kind": "memory",
              "score": 0.976457178592682,
              "summary": "project:fact - To roll back Marble to the previous release, run `marblectl rollback --previous` from the deployment workspace."
            }
          ],
          "positive_recall_at_4": 1.0,
          "positive_hit_at_4": true,
          "positive_mrr": 1.0,
          "negative_injection": null,
          "stale_injection": null,
          "latency_ms": 380.04949999999997,
          "first_query": false,
          "server_startup_ms": 0.0,
          "model_text_bytes": 499,
          "mcp_result_bytes": 580,
          "wire_bytes": 616,
          "reported_used_tokens": 580,
          "working_set_bytes": 641257472,
          "peak_working_set_bytes": 684945408
        },
        {
          "query": "¿En qué región está desplegado Marble en producción?",
          "ranked": [
            "region"
          ],
          "delivered_capsules": [
            {
              "expansion_handle": "memory:01M1X6XTRYY3705RAMVH6MM50M",
              "id": "01M1X6XZQT3HZN037XSMJRZNJW",
              "kind": "memory",
              "score": 0.9999542236328124,
              "summary": "project:fact - Marble production runs in region ap-south-1. Its deployment configuration selects this region explicitly."
            }
          ],
          "positive_recall_at_4": 1.0,
          "positive_hit_at_4": true,
          "positive_mrr": 1.0,
          "negative_injection": null,
          "stale_injection": null,
          "latency_ms": 354.76829999999995,
          "first_query": false,
          "server_startup_ms": 0.0,
          "model_text_bytes": 493,
          "mcp_result_bytes": 574,
          "wire_bytes": 610,
          "reported_used_tokens": 574,
          "working_set_bytes": 641486848,
          "peak_working_set_bytes": 684945408
        },
        {
          "query": "¿A qué hora UTC empiezan las copias diarias de la base de datos de Marble?",
          "ranked": [
            "backup"
          ],
          "delivered_capsules": [
            {
              "expansion_handle": "memory:01M1X6XTSA31QBTC5584FRZ438",
              "id": "01M1X6Y02YSN6WQZ9S5NC94W5N",
              "kind": "memory",
              "score": 0.9999665021896362,
              "summary": "project:fact - Marble daily database backups start at 01:25 UTC. The backup job runs once per day."
            }
          ],
          "positive_recall_at_4": 1.0,
          "positive_hit_at_4": true,
          "positive_mrr": 1.0,
          "negative_injection": null,
          "stale_injection": null,
          "latency_ms": 359.5495,
          "first_query": false,
          "server_startup_ms": 0.0,
          "model_text_bytes": 471,
          "mcp_result_bytes": 552,
          "wire_bytes": 588,
          "reported_used_tokens": 552,
          "working_set_bytes": 641867776,
          "peak_working_set_bytes": 684945408
        },
        {
          "query": "¿Qué base de datos y modo de registro usa Marble para guardar el estado local?",
          "ranked": [
            "storage"
          ],
          "delivered_capsules": [
            {
              "expansion_handle": "memory:01M1X6XTSPW7WY7P8JJF27R42C",
              "id": "01M1X6Y0E9VBNAXNC0RWH5KTH8",
              "kind": "memory",
              "score": 0.9953057169914246,
              "summary": "project:fact - Marble stores its local state in SQLite with write-ahead logging enabled. Use WAL mode for its database."
            }
          ],
          "positive_recall_at_4": 1.0,
          "positive_hit_at_4": true,
          "positive_mrr": 1.0,
          "negative_injection": null,
          "stale_injection": null,
          "latency_ms": 363.5991,
          "first_query": false,
          "server_startup_ms": 0.0,
          "model_text_bytes": 492,
          "mcp_result_bytes": 573,
          "wire_bytes": 609,
          "reported_used_tokens": 573,
          "working_set_bytes": 641941504,
          "peak_working_set_bytes": 684945408
        },
        {
          "query": "What authentication password is configured for the Marble staging listener?",
          "ranked": [],
          "positive_recall_at_4": null,
          "positive_hit_at_4": null,
          "positive_mrr": null,
          "negative_injection": false,
          "stale_injection": null,
          "latency_ms": 362.6478,
          "first_query": false,
          "server_startup_ms": 0.0,
          "model_text_bytes": 226,
          "mcp_result_bytes": 289,
          "wire_bytes": 325,
          "reported_used_tokens": 289,
          "working_set_bytes": 642183168,
          "peak_working_set_bytes": 684945408
        },
        {
          "query": "What encryption key protects the Marble database backups?",
          "ranked": [],
          "positive_recall_at_4": null,
          "positive_hit_at_4": null,
          "positive_mrr": null,
          "negative_injection": false,
          "stale_injection": null,
          "latency_ms": 368.088,
          "first_query": false,
          "server_startup_ms": 0.0,
          "model_text_bytes": 226,
          "mcp_result_bytes": 289,
          "wire_bytes": 325,
          "reported_used_tokens": 289,
          "working_set_bytes": 648101888,
          "peak_working_set_bytes": 684945408
        },
        {
          "query": "How many production replicas run in the Marble deployment region?",
          "ranked": [],
          "positive_recall_at_4": null,
          "positive_hit_at_4": null,
          "positive_mrr": null,
          "negative_injection": false,
          "stale_injection": null,
          "latency_ms": 368.7263,
          "first_query": false,
          "server_startup_ms": 0.0,
          "model_text_bytes": 226,
          "mcp_result_bytes": 289,
          "wire_bytes": 325,
          "reported_used_tokens": 289,
          "working_set_bytes": 648167424,
          "peak_working_set_bytes": 684945408
        },
        {
          "query": "¿Qué contraseña exige el servidor de staging de Marble?",
          "ranked": [],
          "positive_recall_at_4": null,
          "positive_hit_at_4": null,
          "positive_mrr": null,
          "negative_injection": false,
          "stale_injection": null,
          "latency_ms": 364.96079999999995,
          "first_query": false,
          "server_startup_ms": 0.0,
          "model_text_bytes": 226,
          "mcp_result_bytes": 289,
          "wire_bytes": 325,
          "reported_used_tokens": 289,
          "working_set_bytes": 648192000,
          "peak_working_set_bytes": 684945408
        },
        {
          "query": "¿Cuántos días se conservan las copias de seguridad de Marble?",
          "ranked": [],
          "positive_recall_at_4": null,
          "positive_hit_at_4": null,
          "positive_mrr": null,
          "negative_injection": false,
          "stale_injection": null,
          "latency_ms": 364.0675,
          "first_query": false,
          "server_startup_ms": 0.0,
          "model_text_bytes": 226,
          "mcp_result_bytes": 289,
          "wire_bytes": 325,
          "reported_used_tokens": 289,
          "working_set_bytes": 648536064,
          "peak_working_set_bytes": 684945408
        },
        {
          "query": "¿Qué versión de SQLite requiere Marble?",
          "ranked": [],
          "positive_recall_at_4": null,
          "positive_hit_at_4": null,
          "positive_mrr": null,
          "negative_injection": false,
          "stale_injection": null,
          "latency_ms": 388.1593,
          "first_query": false,
          "server_startup_ms": 0.0,
          "model_text_bytes": 226,
          "mcp_result_bytes": 289,
          "wire_bytes": 325,
          "reported_used_tokens": 289,
          "working_set_bytes": 648646656,
          "peak_working_set_bytes": 684945408
        }
      ],
      "id": "marble-unseen-project",
      "dimension": "retrieval",
      "tier": "hard",
      "score": 1.0,
      "skipped": false,
      "detail": "positive-recall@4=1.00 mrr=1.00 stale-hit=0.000 (n=2) resolution=1.000 (n=2) false-injection=0.000 (n=6) positive-n=12 negative-n=6 (18 queries)"
    },
    {
      "observations": [
        {
          "query": "Which TCP port should I connect to for Kestrel staging?",
          "ranked": [
            "port"
          ],
          "delivered_capsules": [
            {
              "expansion_handle": "memory:01M1X6Y3ZKK4NVNBVQ4RVC0Z18",
              "id": "01M1X6Y5TT3ZESQ3BF6YDCSFJ3",
              "kind": "memory",
              "score": 0.9999393224716188,
              "summary": "project:fact - Kestrel staging HTTP listener binds TCP port 9647. This is the current configured port for its staging service."
            }
          ],
          "positive_recall_at_4": 1.0,
          "positive_hit_at_4": true,
          "positive_mrr": 1.0,
          "negative_injection": null,
          "stale_injection": false,
          "latency_ms": 1786.8591000000001,
          "first_query": true,
          "server_startup_ms": 74.20309999999999,
          "model_text_bytes": 499,
          "mcp_result_bytes": 580,
          "wire_bytes": 615,
          "reported_used_tokens": 580,
          "working_set_bytes": 638173184,
          "peak_working_set_bytes": 684789760
        },
        {
          "query": "Where should Kestrel diagnostic logs be written?",
          "ranked": [
            "logs",
            "storage"
          ],
          "delivered_capsules": [
            {
              "expansion_handle": "memory:01M1X6Y406VP0GS5SQS3J2CYB0",
              "id": "01M1X6Y667NV5BY1XV28DF2YPM",
              "kind": "memory",
              "score": 0.9987480640411376,
              "summary": "project:fact - Kestrel diagnostic messages are written to stderr. Stdout is reserved for JSON-RPC protocol messages."
            },
            {
              "expansion_handle": "memory:01M1X6Y41MZ7BSF841D5WF7EK0",
              "id": "01M1X6Y6675C92GGJ4JY76340W",
              "kind": "memory",
              "score": 0.9422296285629272,
              "summary": "project:fact - Kestrel stores its local state in SQLite with write-ahead logging enabled. Use WAL mode for its database."
            }
          ],
          "positive_recall_at_4": 1.0,
          "positive_hit_at_4": true,
          "positive_mrr": 1.0,
          "negative_injection": null,
          "stale_injection": null,
          "latency_ms": 353.5111,
          "first_query": false,
          "server_startup_ms": 0.0,
          "model_text_bytes": 756,
          "mcp_result_bytes": 855,
          "wire_bytes": 890,
          "reported_used_tokens": 855,
          "working_set_bytes": 640311296,
          "peak_working_set_bytes": 684789760
        },
        {
          "query": "Which command rolls back Kestrel to its previous release?",
          "ranked": [
            "rollback"
          ],
          "delivered_capsules": [
            {
              "expansion_handle": "memory:01M1X6Y40HQPXPBQAKK7X65NYG",
              "id": "01M1X6Y6H5Z534E0DZ0325B3GG",
              "kind": "memory",
              "score": 0.9997856020927428,
              "summary": "project:fact - To roll back Kestrel to the previous release, run `kestrelctl rollback --previous` from the deployment workspace."
            }
          ],
          "positive_recall_at_4": 1.0,
          "positive_hit_at_4": true,
          "positive_mrr": 1.0,
          "negative_injection": null,
          "stale_injection": null,
          "latency_ms": 359.4194,
          "first_query": false,
          "server_startup_ms": 0.0,
          "model_text_bytes": 501,
          "mcp_result_bytes": 582,
          "wire_bytes": 617,
          "reported_used_tokens": 582,
          "working_set_bytes": 642461696,
          "peak_working_set_bytes": 684789760
        },
        {
          "query": "Which region hosts Kestrel production?",
          "ranked": [
            "region"
          ],
          "delivered_capsules": [
            {
              "expansion_handle": "memory:01M1X6Y40XGDYXN1JE1VCWJC40",
              "id": "01M1X6Y6WGFGB4YS34D00N4DTC",
              "kind": "memory",
              "score": 0.9999779462814332,
              "summary": "project:fact - Kestrel production runs in region eu-west-3. Its deployment configuration selects this region explicitly."
            }
          ],
          "positive_recall_at_4": 1.0,
          "positive_hit_at_4": true,
          "positive_mrr": 1.0,
          "negative_injection": null,
          "stale_injection": null,
          "latency_ms": 357.8371,
          "first_query": false,
          "server_startup_ms": 0.0,
          "model_text_bytes": 493,
          "mcp_result_bytes": 574,
          "wire_bytes": 609,
          "reported_used_tokens": 574,
          "working_set_bytes": 642621440,
          "peak_working_set_bytes": 684789760
        },
        {
          "query": "At what UTC time do daily Kestrel database backups start?",
          "ranked": [
            "backup"
          ],
          "delivered_capsules": [
            {
              "expansion_handle": "memory:01M1X6Y419AG550M415PJQKWGG",
              "id": "01M1X6Y77Q7CDZV4XWATS1SV8K",
              "kind": "memory",
              "score": 0.999980330467224,
              "summary": "project:fact - Kestrel daily database backups start at 03:50 UTC. The backup job runs once per day."
            }
          ],
          "positive_recall_at_4": 1.0,
          "positive_hit_at_4": true,
          "positive_mrr": 1.0,
          "negative_injection": null,
          "stale_injection": null,
          "latency_ms": 360.0407,
          "first_query": false,
          "server_startup_ms": 0.0,
          "model_text_bytes": 472,
          "mcp_result_bytes": 553,
          "wire_bytes": 588,
          "reported_used_tokens": 553,
          "working_set_bytes": 642875392,
          "peak_working_set_bytes": 684789760
        },
        {
          "query": "Which database and journal mode does Kestrel use for local state?",
          "ranked": [
            "storage"
          ],
          "delivered_capsules": [
            {
              "expansion_handle": "memory:01M1X6Y41MZ7BSF841D5WF7EK0",
              "id": "01M1X6Y7KMTK5T8RH3G7BQ2F19",
              "kind": "memory",
              "score": 0.999975323677063,
              "summary": "project:fact - Kestrel stores its local state in SQLite with write-ahead logging enabled. Use WAL mode for its database."
            }
          ],
          "positive_recall_at_4": 1.0,
          "positive_hit_at_4": true,
          "positive_mrr": 1.0,
          "negative_injection": null,
          "stale_injection": null,
          "latency_ms": 380.5959,
          "first_query": false,
          "server_startup_ms": 0.0,
          "model_text_bytes": 492,
          "mcp_result_bytes": 573,
          "wire_bytes": 608,
          "reported_used_tokens": 573,
          "working_set_bytes": 643137536,
          "peak_working_set_bytes": 684789760
        },
        {
          "query": "¿A qué puerto TCP debo conectarme para staging de Kestrel?",
          "ranked": [
            "port"
          ],
          "delivered_capsules": [
            {
              "expansion_handle": "memory:01M1X6Y3ZKK4NVNBVQ4RVC0Z18",
              "id": "01M1X6Y7YQP9NE0RZD0B8F19S0",
              "kind": "memory",
              "score": 0.9999423027038574,
              "summary": "project:fact - Kestrel staging HTTP listener binds TCP port 9647. This is the current configured port for its staging service."
            }
          ],
          "positive_recall_at_4": 1.0,
          "positive_hit_at_4": true,
          "positive_mrr": 1.0,
          "negative_injection": null,
          "stale_injection": false,
          "latency_ms": 360.7013,
          "first_query": false,
          "server_startup_ms": 0.0,
          "model_text_bytes": 499,
          "mcp_result_bytes": 580,
          "wire_bytes": 615,
          "reported_used_tokens": 580,
          "working_set_bytes": 645648384,
          "peak_working_set_bytes": 684789760
        },
        {
          "query": "¿Dónde deben escribirse los mensajes de diagnóstico de Kestrel?",
          "ranked": [
            "logs"
          ],
          "delivered_capsules": [
            {
              "expansion_handle": "memory:01M1X6Y406VP0GS5SQS3J2CYB0",
              "id": "01M1X6Y8A5V1N70N6BP4X5DD7A",
              "kind": "memory",
              "score": 0.9997678399086,
              "summary": "project:fact - Kestrel diagnostic messages are written to stderr. Stdout is reserved for JSON-RPC protocol messages."
            }
          ],
          "positive_recall_at_4": 1.0,
          "positive_hit_at_4": true,
          "positive_mrr": 1.0,
          "negative_injection": null,
          "stale_injection": null,
          "latency_ms": 374.92350000000005,
          "first_query": false,
          "server_startup_ms": 0.0,
          "model_text_bytes": 489,
          "mcp_result_bytes": 570,
          "wire_bytes": 605,
          "reported_used_tokens": 570,
          "working_set_bytes": 645791744,
          "peak_working_set_bytes": 684789760
        },
        {
          "query": "¿Qué comando revierte Kestrel a la versión anterior?",
          "ranked": [
            "rollback"
          ],
          "delivered_capsules": [
            {
              "expansion_handle": "memory:01M1X6Y40HQPXPBQAKK7X65NYG",
              "id": "01M1X6Y8NQA1P7CS8J7C2QXXM3",
              "kind": "memory",
              "score": 0.9766082763671876,
              "summary": "project:fact - To roll back Kestrel to the previous release, run `kestrelctl rollback --previous` from the deployment workspace."
            }
          ],
          "positive_recall_at_4": 1.0,
          "positive_hit_at_4": true,
          "positive_mrr": 1.0,
          "negative_injection": null,
          "stale_injection": null,
          "latency_ms": 356.6341,
          "first_query": false,
          "server_startup_ms": 0.0,
          "model_text_bytes": 501,
          "mcp_result_bytes": 582,
          "wire_bytes": 618,
          "reported_used_tokens": 582,
          "working_set_bytes": 646041600,
          "peak_working_set_bytes": 684789760
        },
        {
          "query": "¿En qué región está desplegado Kestrel en producción?",
          "ranked": [
            "region"
          ],
          "delivered_capsules": [
            {
              "expansion_handle": "memory:01M1X6Y40XGDYXN1JE1VCWJC40",
              "id": "01M1X6Y90W8F50YD8ST6KZXTKW",
              "kind": "memory",
              "score": 0.999974250793457,
              "summary": "project:fact - Kestrel production runs in region eu-west-3. Its deployment configuration selects this region explicitly."
            }
          ],
          "positive_recall_at_4": 1.0,
          "positive_hit_at_4": true,
          "positive_mrr": 1.0,
          "negative_injection": null,
          "stale_injection": null,
          "latency_ms": 355.6515,
          "first_query": false,
          "server_startup_ms": 0.0,
          "model_text_bytes": 492,
          "mcp_result_bytes": 573,
          "wire_bytes": 609,
          "reported_used_tokens": 573,
          "working_set_bytes": 646066176,
          "peak_working_set_bytes": 684789760
        },
        {
          "query": "¿A qué hora UTC empiezan las copias diarias de la base de datos de Kestrel?",
          "ranked": [
            "backup"
          ],
          "delivered_capsules": [
            {
              "expansion_handle": "memory:01M1X6Y419AG550M415PJQKWGG",
              "id": "01M1X6Y9C89TY5HEXM9ZBZNRE9",
              "kind": "memory",
              "score": 0.9999799728393556,
              "summary": "project:fact - Kestrel daily database backups start at 03:50 UTC. The backup job runs once per day."
            }
          ],
          "positive_recall_at_4": 1.0,
          "positive_hit_at_4": true,
          "positive_mrr": 1.0,
          "negative_injection": null,
          "stale_injection": null,
          "latency_ms": 369.5423,
          "first_query": false,
          "server_startup_ms": 0.0,
          "model_text_bytes": 472,
          "mcp_result_bytes": 553,
          "wire_bytes": 589,
          "reported_used_tokens": 553,
          "working_set_bytes": 646369280,
          "peak_working_set_bytes": 684789760
        },
        {
          "query": "¿Qué base de datos y modo de registro usa Kestrel para guardar el estado local?",
          "ranked": [
            "storage"
          ],
          "delivered_capsules": [
            {
              "expansion_handle": "memory:01M1X6Y41MZ7BSF841D5WF7EK0",
              "id": "01M1X6Y9QME8S7J76WY0B085PA",
              "kind": "memory",
              "score": 0.9993937015533448,
              "summary": "project:fact - Kestrel stores its local state in SQLite with write-ahead logging enabled. Use WAL mode for its database."
            }
          ],
          "positive_recall_at_4": 1.0,
          "positive_hit_at_4": true,
          "positive_mrr": 1.0,
          "negative_injection": null,
          "stale_injection": null,
          "latency_ms": 394.824,
          "first_query": false,
          "server_startup_ms": 0.0,
          "model_text_bytes": 493,
          "mcp_result_bytes": 574,
          "wire_bytes": 610,
          "reported_used_tokens": 574,
          "working_set_bytes": 646397952,
          "peak_working_set_bytes": 684789760
        },
        {
          "query": "What authentication password is configured for the Kestrel staging listener?",
          "ranked": [],
          "positive_recall_at_4": null,
          "positive_hit_at_4": null,
          "positive_mrr": null,
          "negative_injection": false,
          "stale_injection": null,
          "latency_ms": 399.1674,
          "first_query": false,
          "server_startup_ms": 0.0,
          "model_text_bytes": 226,
          "mcp_result_bytes": 289,
          "wire_bytes": 325,
          "reported_used_tokens": 289,
          "working_set_bytes": 646524928,
          "peak_working_set_bytes": 684789760
        },
        {
          "query": "What encryption key protects the Kestrel database backups?",
          "ranked": [],
          "positive_recall_at_4": null,
          "positive_hit_at_4": null,
          "positive_mrr": null,
          "negative_injection": false,
          "stale_injection": null,
          "latency_ms": 394.31899999999996,
          "first_query": false,
          "server_startup_ms": 0.0,
          "model_text_bytes": 226,
          "mcp_result_bytes": 289,
          "wire_bytes": 325,
          "reported_used_tokens": 289,
          "working_set_bytes": 650592256,
          "peak_working_set_bytes": 684789760
        },
        {
          "query": "How many production replicas run in the Kestrel deployment region?",
          "ranked": [],
          "positive_recall_at_4": null,
          "positive_hit_at_4": null,
          "positive_mrr": null,
          "negative_injection": false,
          "stale_injection": null,
          "latency_ms": 393.2575,
          "first_query": false,
          "server_startup_ms": 0.0,
          "model_text_bytes": 226,
          "mcp_result_bytes": 289,
          "wire_bytes": 325,
          "reported_used_tokens": 289,
          "working_set_bytes": 650661888,
          "peak_working_set_bytes": 684789760
        },
        {
          "query": "¿Qué contraseña exige el servidor de staging de Kestrel?",
          "ranked": [],
          "positive_recall_at_4": null,
          "positive_hit_at_4": null,
          "positive_mrr": null,
          "negative_injection": false,
          "stale_injection": null,
          "latency_ms": 356.7486,
          "first_query": false,
          "server_startup_ms": 0.0,
          "model_text_bytes": 226,
          "mcp_result_bytes": 289,
          "wire_bytes": 325,
          "reported_used_tokens": 289,
          "working_set_bytes": 650739712,
          "peak_working_set_bytes": 684789760
        },
        {
          "query": "¿Cuántos días se conservan las copias de seguridad de Kestrel?",
          "ranked": [],
          "positive_recall_at_4": null,
          "positive_hit_at_4": null,
          "positive_mrr": null,
          "negative_injection": false,
          "stale_injection": null,
          "latency_ms": 358.8879,
          "first_query": false,
          "server_startup_ms": 0.0,
          "model_text_bytes": 226,
          "mcp_result_bytes": 289,
          "wire_bytes": 325,
          "reported_used_tokens": 289,
          "working_set_bytes": 650870784,
          "peak_working_set_bytes": 684789760
        },
        {
          "query": "¿Qué versión de SQLite requiere Kestrel?",
          "ranked": [],
          "positive_recall_at_4": null,
          "positive_hit_at_4": null,
          "positive_mrr": null,
          "negative_injection": false,
          "stale_injection": null,
          "latency_ms": 355.9336,
          "first_query": false,
          "server_startup_ms": 0.0,
          "model_text_bytes": 226,
          "mcp_result_bytes": 289,
          "wire_bytes": 325,
          "reported_used_tokens": 289,
          "working_set_bytes": 650932224,
          "peak_working_set_bytes": 684789760
        }
      ],
      "id": "kestrel-unseen-project",
      "dimension": "retrieval",
      "tier": "hard",
      "score": 1.0,
      "skipped": false,
      "detail": "positive-recall@4=1.00 mrr=1.00 stale-hit=0.000 (n=2) resolution=1.000 (n=2) false-injection=0.000 (n=6) positive-n=12 negative-n=6 (18 queries)"
    }
  ],
  "by_dimension_tier": {
    "retrieval/hard": [
      4.0,
      4
    ]
  },
  "by_dimension": {
    "retrieval": {
      "mean": 1.0,
      "n": 4,
      "ci95": 0.0
    }
  },
  "overall_index": 1.0,
  "scenario_weighted_index": 1.0
}
