   Compiling kimetsu-core v2.7.0 (E:\tmp\kimetsu-brain-hardening\crates\kimetsu-core)
   Compiling kimetsu-brain v2.7.0 (E:\tmp\kimetsu-brain-hardening\crates\kimetsu-brain)
warning: linker stdout: Creando biblioteca E:\Kimetsu\target\debug\deps\kimetsu_brain-4447584ffe405f3f.lib y objeto E:\Kimetsu\target\debug\deps\kimetsu_brain-4447584ffe405f3f.exp
  |
  = note: `#[warn(linker_messages)]` on by default

warning: `kimetsu-brain` (lib test) generated 1 warning
    Finished `test` profile [unoptimized + debuginfo] target(s) in 1m 02s
     Running unittests src\lib.rs (E:/Kimetsu/target\debug\deps\kimetsu_brain-4447584ffe405f3f.exe)

running 1 test
test context::deferred_fact_budget_tests::initial_retrieval_budget_must_not_hide_an_eligible_conflicting_fact ... FAILED

failures:

---- context::deferred_fact_budget_tests::initial_retrieval_budget_must_not_hide_an_eligible_conflicting_fact stdout ----

thread 'context::deferred_fact_budget_tests::initial_retrieval_budget_must_not_hide_an_eligible_conflicting_fact' (22972) panicked at crates\kimetsu-brain\src\context.rs:7403:9:
assertion `left == right` failed: both eligible claims must reach arbitration before delivery budgeting
  left: 1
 right: 2
note: run with `RUST_BACKTRACE=1` environment variable to display a backtrace


failures:
    context::deferred_fact_budget_tests::initial_retrieval_budget_must_not_hide_an_eligible_conflicting_fact

test result: FAILED. 0 passed; 1 failed; 0 ignored; 0 measured; 774 filtered out; finished in 0.11s

error: test failed, to rerun pass `-p kimetsu-brain --lib`
